[1/499] #1 OK
[2/499] #2 OK
[3/499] #3 OK
[4/499] #4 OK
[5/499] #5 OK
[6/499] #6 OK
[7/499] #7 OK
[8/499] #8 OK
[9/499] #9 OK
[10/499] #10 OK
[11/499] #11 OK
[12/499] #12 OK
[13/499] #13 OK
[14/499] #14 OK
[15/499] #15 OK
[16/499] #16 OK
[17/499] #17 OK
[18/499] #18 OK
[19/499] #19 OK
[20/499] #20 OK
[21/499] #21 OK
[22/499] #22 OK
[23/499] #23 MISMATCH: expected "The Velvet Underground - The Velvet Underground & Nico" got "The Velvet Underground & Nico - The Velvet Underground & Nico"
[24/499] #24 OK
[25/499] #25 OK
[26/499] #26 OK
[27/499] #27 OK
[28/499] #28 OK
[29/499] #29 OK
[30/499] #30 OK
[31/499] #31 OK
[32/499] #32 OK
[33/499] #33 OK
[34/499] #34 OK
[35/499] #35 OK
[36/499] #36 OK
[37/499] #37 OK
[38/499] #38 OK
[39/499] #39 OK
[40/499] #40 OK
[41/499] #41 OK
[42/499] #42 OK
[43/499] #43 OK
[44/499] #44 OK
[45/499] #45 MISMATCH: expected "Prince - Sign o' the Times" got "Prince - Sign “☮︎” the Times"
[46/499] #46 OK
[47/499] #47 OK
[48/499] #48 MISMATCH: expected "Bob Marley and the Wailers - Exodus" got "Bob Marley & The Wailers - Soul Rebel: The Blue Moon Story, Volume 1"
[49/499] #49 OK
[50/499] #50 OK
[51/499] #51 OK
[52/499] #52 OK
[53/499] #53 OK
[54/499] #54 OK
[55/499] #55 MISMATCH: expected "Pink Floyd - The Dark Side of the Moon" got "E.S.P - A Tribute to Pink Floyd’s Dark Side of the Moon"
[56/499] #56 OK
[57/499] #57 OK
[58/499] #58 OK
[59/499] #59 OK
[60/499] #60 OK
[61/499] #61 OK
[62/499] #62 OK
[63/499] #63 OK
[64/499] #64 OK
[65/499] #65 OK
[66/499] #66 OK
[67/499] #67 MISMATCH: expected "Jay-Z - Reasonable Doubt" got "Jaÿ‐Z - Reasonable Doubt"
[68/499] #68 OK
[69/499] #69 OK
[70/499] #70 OK
[71/499] #71 OK
[72/499] #72 OK
[73/499] #73 OK
[74/499] #74 OK
[75/499] #75 OK
[76/499] #76 OK
[77/499] #77 OK
[78/499] #78 OK
[79/499] #79 OK
[80/499] #80 OK
[81/499] #81 OK
[82/499] #82 MISMATCH: expected "Sly and the Family Stone - There's a Riot Goin' On" got "Sly & the Family Stone - There’s a Riot Goin’ On"
[83/499] #83 OK
[84/499] #84 OK
[85/499] #85 OK
[86/499] #86 OK
[87/499] #87 OK
[88/499] #88 OK
[89/499] #89 OK
[90/499] #90 OK
[91/499] #91 OK
[92/499] #92 OK
[93/499] #93 OK
[94/499] #94 OK
[95/499] #95 OK
[96/499] #96 OK
[97/499] #97 OK
[98/499] #98 OK
[99/499] #99 OK
[100/499] #100 OK
[101/499] #101 OK
[102/499] #102 MISMATCH: expected "The Clash - The Clash" got "Plastic - CLASH! CLASH!! CLASH!!!"
[103/499] #103 OK
[104/499] #104 OK
[105/499] #105 OK
[106/499] #106 OK
[107/499] #107 OK
[108/499] #108 OK
[109/499] #109 OK
[110/499] #110 OK
[111/499] #111 OK
[112/499] #112 OK
[113/499] #113 OK
[114/499] #114 OK
[115/499] #115 OK
[116/499] #116 OK
[117/499] #117 OK
[118/499] #118 OK
[119/499] #119 MISMATCH: expected "Sly and the Family Stone - Stand!" got "Sly & the Family Stone - Ultimate Sly & the Family Stone"
[120/499] #120 OK
[121/499] #121 OK
[122/499] #122 OK
[123/499] #123 OK
[124/499] #124 OK
[125/499] #125 OK
[126/499] #126 OK
[127/499] #127 OK
[128/499] #128 OK
[129/499] #129 OK
[130/499] #130 OK
[131/499] #131 OK
[132/499] #132 OK
[133/499] #133 OK
[134/499] #134 MISMATCH: expected "Fugees - The Score" got "Fugees (Refugee Camp) - The Score"
[135/499] #135 OK
[136/499] #136 OK
[137/499] #137 OK
[138/499] #138 OK
[139/499] #139 OK
[140/499] #140 MISMATCH: expected "Bob Marley and the Wailers - Catch a Fire" got "Bob Marley & The Wailers - Catch a Fire"
[141/499] #141 OK
[142/499] #142 OK
[143/499] #143 OK
[144/499] #144 OK
[145/499] #145 OK
[146/499] #146 OK
[147/499] #147 OK
[148/499] #148 OK
[149/499] #149 OK
[150/499] #150 OK
[151/499] #151 OK
[152/499] #152 MISMATCH: expected "The Pretenders - Pretenders" got "Pretenders - Pretenders"
[153/499] #153 OK
[154/499] #154 OK
[155/499] #155 OK
[156/499] #156 OK
[157/499] #157 OK
[158/499] #158 MISMATCH: expected "Erykah Badu - Mama's Gun" got "eryKahBadu - Mama’s Gun"
[159/499] #159 OK
[160/499] #160 OK
[161/499] #161 OK
[162/499] #162 OK
[163/499] #163 OK
[164/499] #164 OK
[165/499] #165 OK
[166/499] #166 MISMATCH: expected "Buddy Holly - 20 Golden Greats" got "Buddy Holly & The Crickets - 20 Golden Greats"
[167/499] #167 OK
[168/499] #168 OK
[169/499] #169 OK
[170/499] #170 OK
[171/499] #171 OK
[172/499] #172 OK
[173/499] #173 OK
[174/499] #174 OK
[175/499] #175 OK
[176/499] #176 OK
[177/499] #177 OK
[178/499] #178 OK
[179/499] #179 OK
[180/499] #180 OK
[181/499] #181 OK
[182/499] #182 OK
[183/499] #183 OK
[184/499] #184 OK
[185/499] #185 OK
[186/499] #186 OK
[187/499] #187 OK
[188/499] #188 OK
[189/499] #189 OK
[190/499] #190 OK
[191/499] #191 OK
[192/499] #192 OK
[193/499] #193 OK
[194/499] #194 OK
[195/499] #195 OK
[196/499] #196 OK
[197/499] #197 OK
[198/499] #198 OK
[199/499] #199 OK
[200/499] #200 OK
[201/499] #201 OK
[202/499] #202 OK
[203/499] #203 OK
[204/499] #204 OK
[205/499] #205 OK
[206/499] #206 OK
[207/499] #207 OK
[208/499] #208 OK
[209/499] #209 MISMATCH: expected "Run-DMC - Raising Hell" got "Run‐D.M.C. - Raising Hell"
[210/499] #210 OK
[211/499] #211 OK
[212/499] #212 OK
[213/499] #213 OK
[214/499] #214 OK
[215/499] #215 OK
[216/499] #216 OK
[217/499] #217 OK
[218/499] #218 OK
[219/499] #219 OK
[220/499] #220 OK
[221/499] #221 OK
[222/499] #222 OK
[223/499] #223 OK
[224/499] #224 OK
[225/499] #225 OK
[226/499] #226 OK
[227/499] #227 OK
[228/499] #228 OK
[229/499] #229 OK
[230/499] #230 OK
[231/499] #231 OK
[232/499] #232 OK
[233/499] #233 OK
[234/499] #234 OK
[235/499] #235 OK
[236/499] #236 OK
[237/499] #237 OK
[238/499] #238 MISMATCH: expected "Kraftwerk - Trans-Europe Express" got "Señor Coconut y su conjunto - Trans Europe Express"
[239/499] #239 OK
[240/499] #240 OK
[241/499] #241 OK
[242/499] #242 OK
[243/499] #243 OK
[244/499] #244 OK
[245/499] #245 OK
[246/499] #246 MISMATCH: expected "LL Cool J - Mama Said Knock You Out" got "L.L. Cool J - Mama Said Knock You Out"
[247/499] #247 OK
[248/499] #248 OK
[249/499] #249 OK
[250/499] #250 OK
[251/499] #251 OK
[252/499] #252 OK
[253/499] #253 OK
[254/499] #254 OK
[255/499] #255 OK
[256/499] #256 OK
[257/499] #257 OK
[258/499] #258 OK
[259/499] #259 OK
[260/499] #260 OK
[261/499] #261 OK
[262/499] #262 OK
[263/499] #263 OK
[264/499] #264 OK
[265/499] #265 OK
[266/499] #266 OK
[267/499] #267 OK
[268/499] #268 OK
[269/499] #269 OK
[270/499] #270 OK
[271/499] #271 OK
[272/499] #272 OK
[273/499] #273 OK
[274/499] #274 OK
[275/499] #275 OK
[276/499] #276 OK
[277/499] #277 OK
[278/499] #278 OK
[279/499] #279 OK
[280/499] #280 OK
[281/499] #281 MISMATCH: expected "Harry Nilsson - Nilsson Schmilsson" got "Nilsson - Nilsson Schmilsson"
[282/499] #282 OK
[283/499] #283 OK
[284/499] #284 OK
[285/499] #285 MISMATCH: expected "Big Star - Third/Sister Lovers" got "Big Star - #1 Record & Radio City & Sister Lovers / The Third Album"
[286/499] #286 OK
[287/499] #287 OK
[288/499] #288 OK
[289/499] #289 OK
[290/499] #290 OK
[291/499] #291 OK
[292/499] #292 OK
[293/499] #293 OK
[294/499] #294 OK
[295/499] #295 OK
[296/499] #296 MISMATCH: expected "Neil Young and Crazy Horse - Rust Never Sleeps" got "Neil Young & Crazy Horse - Rust Never Sleeps"
[297/499] #297 OK
[298/499] #298 OK
[299/499] #299 OK
[300/499] #300 OK
[301/499] #301 OK
[302/499] #302 OK
[303/499] #303 OK
[304/499] #304 OK
[305/499] #305 OK
[306/499] #306 OK
[307/499] #307 OK
[308/499] #308 MISMATCH: expected "Brian Eno - Here Come the Warm Jets" got "Eno - Here Come the Warm Jets"
[309/499] #309 OK
[310/499] #310 OK
[311/499] #311 OK
[312/499] #312 MISMATCH: expected "Solange Knowles - A Seat at the Table" got "Solange - A Seat at the Table"
[313/499] #313 OK
[314/499] #314 OK
[315/499] #315 OK
[316/499] #316 OK
[317/499] #317 OK
[318/499] #318 MISMATCH: expected "Janet Jackson - The Velvet Rope" got "Janet - The Velvet Rope"
[319/499] #319 OK
[320/499] #320 OK
[321/499] #321 MISMATCH: expected "Lana Del Rey - Norman Fucking Rockwell!" got "Lana Del Rey - NFR!"
[322/499] #322 OK
[323/499] #323 OK
[324/499] #324 OK
[325/499] #325 MISMATCH: expected "Jerry Lee Lewis - All Killer, No Filler: The Anthology" got "Jerry Lee Lewis - All Killer No Filler! The Jerry Lee Lewis Anthology"
[326/499] #326 OK
[327/499] #327 OK
[328/499] #328 OK
[329/499] #329 OK
[330/499] #331 OK
[331/499] #332 OK
[332/499] #333 OK
[333/499] #334 OK
[334/499] #335 MISMATCH: expected "Bob Dylan and the Band - The Basement Tapes" got "Bob Dylan & The Band - The Basement Tapes"
[335/499] #336 OK
[336/499] #337 OK
[337/499] #338 MISMATCH: expected "Brian Eno - Another Green World" got "Eno - Another Green World"
[338/499] #339 OK
[339/499] #340 MISMATCH: expected "Snoop Doggy Dogg - Doggystyle" got "Snoop Doggy Dogg - Doggy Dogg World"
[340/499] #341 MISMATCH: expected "The Smashing Pumpkins - Siamese Dream" got "Smashing Pumpkins - Siamese Dream"
[341/499] #342 OK
[342/499] #343 MISMATCH: expected "Sly and the Family Stone - Greatest Hits" got "Sly & the Family Stone - Greatest Hits"
[343/499] #344 MISMATCH: expected "Toots and the Maytals - Funky Kingston" got "Toots & The Maytals - Funky Kingston"
[344/499] #345 OK
[345/499] #346 OK
[346/499] #347 MISMATCH: expected "GZA - Liquid Swords" got "Genius/GZA - Liquid Swords"
[347/499] #348 OK
[348/499] #349 OK
[349/499] #350 OK
[350/499] #351 OK
[351/499] #352 OK
[352/499] #353 OK
[353/499] #354 OK
[354/499] #355 OK
[355/499] #356 MISMATCH: expected "Dr. John - Gris-Gris" got "Dr. John, The Night Tripper - Gris-Gris"
[356/499] #357 OK
[357/499] #358 OK
[358/499] #359 OK
[359/499] #360 OK
[360/499] #361 OK
[361/499] #362 OK
[362/499] #363 OK
[363/499] #364 OK
[364/499] #365 OK
[365/499] #366 OK
[366/499] #367 OK
[367/499] #368 OK
[368/499] #369 OK
[369/499] #370 OK
[370/499] #371 OK
[371/499] #372 MISMATCH: expected "Big Brother and the Holding Company - Cheap Thrills" got "Big Brother & the Holding Company - Cheap Thrills"
[372/499] #373 OK
[373/499] #374 OK
[374/499] #375 OK
[375/499] #376 OK
[376/499] #377 OK
[377/499] #378 MISMATCH: expected "Run-DMC - Run-D.M.C." got "Run‐D.M.C. - Run‐D.M.C."
[378/499] #379 OK
[379/499] #380 OK
[380/499] #381 OK
[381/499] #382 OK
[382/499] #383 OK
[383/499] #384 OK
[384/499] #385 OK
[385/499] #386 OK
[386/499] #387 OK
[387/499] #388 OK
[388/499] #389 OK
[389/499] #390 OK
[390/499] #391 OK
[391/499] #392 MISMATCH: expected "Ike & Tina Turner - Proud Mary: The Best of Ike & Tina Turner" got "Ike & Tina Turner - Proud Mary: The Best of Ike and Tina Turner"
[392/499] #393 OK
[393/499] #394 OK
[394/499] #395 OK
[395/499] #396 OK
[396/499] #397 OK
[397/499] #398 OK
[398/499] #399 OK
[399/499] #400 MISMATCH: expected "The Go-Go's - Beauty and the Beat" got "Go‐Go’s - Beauty and the Beat"
[400/499] #401 OK
[401/499] #402 MISMATCH: expected "Fela Kuti and Africa '70 - Expensive Shit" got "Fela Ransome Kuti & Africa 70 - Expensive Shit"
[402/499] #403 OK
[403/499] #404 OK
[404/499] #405 OK
[405/499] #406 OK
[406/499] #407 MISMATCH: expected "Neil Young - Everybody Knows This Is Nowhere" got "Neil Young with Crazy Horse - Everybody Knows This Is Nowhere"
[407/499] #408 OK
[408/499] #409 MISMATCH: expected "Grateful Dead - Workingman's Dead" got "inuday - you're dead dead dead"
[409/499] #410 OK
[410/499] #411 OK
[411/499] #412 MISMATCH: expected "Smokey Robinson - Going to a Go-Go" got "Smokey Robinson and The Miracles - Going to a Go‐Go"
[412/499] #413 OK
[413/499] #414 OK
[414/499] #415 OK
[415/499] #416 OK
[416/499] #417 OK
[417/499] #418 OK
[418/499] #419 OK
[419/499] #420 OK
[420/499] #421 OK
[421/499] #422 OK
[422/499] #423 OK
[423/499] #424 OK
[424/499] #425 MISMATCH: expected "Paul Simon - Paul Simon" got "Dale - Simon Simon"
[425/499] #426 OK
[426/499] #427 OK
[427/499] #428 OK
[428/499] #429 OK
[429/499] #430 OK
[430/499] #431 OK
[431/499] #432 OK
[432/499] #433 OK
[433/499] #434 OK
[434/499] #435 OK
[435/499] #436 OK
[436/499] #437 OK
[437/499] #438 OK
[438/499] #439 OK
[439/499] #440 OK
[440/499] #441 OK
[441/499] #442 OK
[442/499] #443 OK
[443/499] #444 OK
[444/499] #445 OK
[445/499] #446 OK
[446/499] #447 OK
[447/499] #448 OK
[448/499] #449 MISMATCH: expected "The White Stripes - Elephant" got "The White Stripes - The White Stripes"
[449/499] #450 MISMATCH: expected "Paul McCartney and Linda McCartney - Ram" got "Paul & Linda McCartney - RAM"
[450/499] #451 OK
[451/499] #452 OK
[452/499] #453 OK
[453/499] #454 OK
[454/499] #455 OK
[455/499] #456 OK
[456/499] #457 OK
[457/499] #458 OK
[458/499] #459 OK
[459/499] #460 OK
[460/499] #461 OK
[461/499] #462 OK
[462/499] #463 OK
[463/499] #464 OK
[464/499] #465 OK
[465/499] #466 OK
[466/499] #467 OK
[467/499] #468 OK
[468/499] #469 OK
[469/499] #470 OK
[470/499] #471 OK
[471/499] #472 OK
[472/499] #473 OK
[473/499] #474 OK
[474/499] #475 OK
[475/499] #476 OK
[476/499] #477 OK
[477/499] #478 OK
[478/499] #479 OK
[479/499] #480 OK
[480/499] #481 OK
[481/499] #482 OK
[482/499] #483 OK
[483/499] #484 OK
[484/499] #485 MISMATCH: expected "Richard Thompson and Linda Thompson - I Want to See the Bright Lights Tonight" got "Richard & Linda Thompson - I Want to See the Bright Lights Tonight"
[485/499] #486 OK
[486/499] #487 OK
[487/499] #488 OK
[488/499] #489 MISMATCH: expected "Various artists - Back to Mono (1958–1969)" got "Phil Spector - Back to Mono (1958–1969)"
[489/499] #490 OK
[490/499] #491 OK
[491/499] #492 OK
[492/499] #493 OK
[493/499] #494 OK
[494/499] #495 OK
[495/499] #496 OK
[496/499] #497 OK
[497/499] #498 OK
[498/499] #499 OK
[499/499] #500 OK

Mismatches: 45
Errors: 0
