Fetching Rolling Stone 500 list from https://en.wikipedia.org/wiki/Wikipedia:WikiProject_Albums/500 ...
500 rows to resolve

[1/500] #1 Marvin Gaye - What's Going On: needs_review
[2/500] #2 The Beach Boys - Pet Sounds: accepted
[3/500] #3 Joni Mitchell - Blue: accepted
[4/500] #4 Stevie Wonder - Songs in the Key of Life: accepted
[5/500] #5 The Beatles - Abbey Road: accepted
[6/500] #6 Nirvana - Nevermind: accepted
[7/500] #7 Fleetwood Mac - Rumours: accepted
[8/500] #8 Prince and the Revolution - Purple Rain: accepted
[9/500] #9 Bob Dylan - Blood on the Tracks: accepted
[10/500] #10 Lauryn Hill - The Miseducation of Lauryn Hill: accepted
[11/500] #11 The Beatles - Revolver: accepted
[12/500] #12 Michael Jackson - Thriller: needs_review
[13/500] #13 Aretha Franklin - I Never Loved a Man the Way I Love You: needs_review
[14/500] #14 The Rolling Stones - Exile on Main St.: accepted
[15/500] #15 Public Enemy - It Takes a Nation of Millions to Hold Us Back: accepted
[16/500] #16 The Clash - London Calling: needs_review
[17/500] #17 Kanye West - My Beautiful Dark Twisted Fantasy: needs_review
[18/500] #18 Bob Dylan - Highway 61 Revisited: needs_review
[19/500] #19 Kendrick Lamar - To Pimp a Butterfly: accepted
[20/500] #20 Radiohead - Kid A: accepted
[21/500] #21 Bruce Springsteen - Born to Run: accepted
[22/500] #22 The Notorious B.I.G. - Ready to Die: accepted
[23/500] #23 The Velvet Underground - The Velvet Underground & Nico: accepted
[24/500] #24 The Beatles - Sgt. Pepper's Lonely Hearts Club Band: accepted
[25/500] #25 Carole King - Tapestry: accepted
[26/500] #26 Patti Smith - Horses: accepted
[27/500] #27 Wu-Tang Clan - Enter the Wu-Tang (36 Chambers): accepted
[28/500] #28 D'Angelo - Voodoo: accepted
[29/500] #29 The Beatles - The Beatles: accepted
[30/500] #30 The Jimi Hendrix Experience - Are You Experienced: needs_review
[31/500] #31 Miles Davis - Kind of Blue: accepted
[32/500] #32 Beyoncé - Lemonade: accepted
[33/500] #33 Amy Winehouse - Back to Black: needs_review
[34/500] #34 Stevie Wonder - Innervisions: accepted
[35/500] #35 The Beatles - Rubber Soul: accepted
[36/500] #36 Michael Jackson - Off the Wall: needs_review
[37/500] #37 Dr. Dre - The Chronic: accepted
[38/500] #38 Bob Dylan - Blonde on Blonde: accepted
[39/500] #39 Talking Heads - Remain in Light: accepted
[40/500] #40 David Bowie - The Rise and Fall of Ziggy Stardust and the Spiders from Mars: needs_review
[41/500] #41 The Rolling Stones - Let It Bleed: accepted
[42/500] #42 Radiohead - OK Computer: accepted
[43/500] #43 A Tribe Called Quest - The Low End Theory: accepted
[44/500] #44 Nas - Illmatic: accepted
[45/500] #45 Prince - Sign o' the Times: needs_review
[46/500] #46 Paul Simon - Graceland: accepted
[47/500] #47 Ramones - Ramones: needs_review
[48/500] #48 Bob Marley and the Wailers - Exodus: accepted
[49/500] #49 Outkast - Aquemini: accepted
[50/500] #50 Jay-Z - The Blueprint: accepted
[51/500] #51 Chuck Berry - The Great Twenty-Eight: accepted
[52/500] #52 David Bowie - Station to Station: accepted
[53/500] #53 The Jimi Hendrix Experience - Electric Ladyland: accepted
[54/500] #54 James Brown - Star Time: accepted
[55/500] #55 Pink Floyd - The Dark Side of the Moon: accepted
[56/500] #56 Liz Phair - Exile in Guyville: accepted
[57/500] #57 The Band - The Band: needs_review
[58/500] #58 Led Zeppelin - Led Zeppelin IV: accepted
[59/500] #59 Stevie Wonder - Talking Book: accepted
[60/500] #60 Van Morrison - Astral Weeks: accepted
[61/500] #61 Eric B. & Rakim - Paid in Full: needs_review
[62/500] #62 Guns N' Roses - Appetite for Destruction: accepted
[63/500] #63 Steely Dan - Aja: needs_review
[64/500] #64 Outkast - Stankonia: accepted
[65/500] #65 James Brown - Live at the Apollo: needs_review
[66/500] #66 John Coltrane - A Love Supreme: accepted
[67/500] #67 Jay-Z - Reasonable Doubt: accepted
[68/500] #68 Kate Bush - Hounds of Love: needs_review
[69/500] #69 Alanis Morissette - Jagged Little Pill: accepted
[70/500] #70 N.W.A - Straight Outta Compton: accepted
[71/500] #71 Beyoncé - Renaissance: accepted
[72/500] #72 Neil Young - Harvest: accepted
[73/500] #73 My Bloody Valentine - Loveless: needs_review
[74/500] #74 Kanye West - The College Dropout: accepted
[75/500] #75 Aretha Franklin - Lady Soul: accepted
[76/500] #76 Curtis Mayfield - Super Fly: accepted
[77/500] #77 The Who - Who's Next: needs_review
[78/500] #78 Elvis Presley - The Sun Sessions: accepted
[79/500] #79 Frank Ocean - Blonde: accepted
[80/500] #80 Sex Pistols - Never Mind the Bollocks, Here's the Sex Pistols: accepted
[81/500] #81 Beyoncé - Beyoncé: needs_review
[82/500] #82 Sly and the Family Stone - There's a Riot Goin' On: accepted
[83/500] #83 Dusty Springfield - Dusty in Memphis: accepted
[84/500] #84 AC/DC - Back in Black: accepted
[85/500] #85 John Lennon - John Lennon/Plastic Ono Band: accepted
[86/500] #86 The Doors - The Doors: accepted
[87/500] #87 Miles Davis - Bitches Brew: accepted
[88/500] #88 David Bowie - Hunky Dory: accepted
[89/500] #89 Erykah Badu - Baduizm: accepted
[90/500] #90 Neil Young - After the Gold Rush: accepted
[91/500] #91 Bruce Springsteen - Darkness on the Edge of Town: accepted
[92/500] #92 The Jimi Hendrix Experience - Axis: Bold as Love: accepted
[93/500] #93 Missy Elliott - Supa Dupa Fly: accepted
[94/500] #94 The Stooges - Fun House: accepted
[95/500] #95 Drake - Take Care: accepted
[96/500] #96 R.E.M. - Automatic for the People: accepted
[97/500] #97 Metallica - Master of Puppets: accepted
[98/500] #98 Lucinda Williams - Car Wheels on a Gravel Road: accepted
[99/500] #99 Taylor Swift - Red: needs_review
[100/500] #100 The Band - Music from Big Pink: accepted
[101/500] #101 Led Zeppelin - Led Zeppelin: needs_review
[102/500] #102 The Clash - The Clash: accepted
[103/500] #103 De La Soul - 3 Feet High and Rising: accepted
[104/500] #104 The Rolling Stones - Sticky Fingers: accepted
[105/500] #105 The Allman Brothers Band - At Fillmore East: accepted
[106/500] #106 Hole - Live Through This: accepted
[107/500] #107 Television - Marquee Moon: accepted
[108/500] #108 Fiona Apple - When the Pawn...: accepted
[109/500] #109 Lou Reed - Transformer: accepted
[110/500] #110 Joni Mitchell - Court and Spark: accepted
[111/500] #111 Janet Jackson - Control: needs_review
[112/500] #112 Elton John - Goodbye Yellow Brick Road: needs_review
[113/500] #113 The Smiths - The Queen Is Dead: accepted
[114/500] #114 The Strokes - Is This It: needs_review
[115/500] #115 Kendrick Lamar - Good Kid, M.A.A.D City: accepted
[116/500] #116 The Cure - Disintegration: accepted
[117/500] #117 Kanye West - Late Registration: accepted
[118/500] #118 Eagles - Hotel California: accepted
[119/500] #119 Sly and the Family Stone - Stand!: accepted
[120/500] #120 Van Morrison - Moondance: accepted
[121/500] #121 Elvis Costello - This Year's Model: accepted
[122/500] #122 Nine Inch Nails - The Downward Spiral: accepted
[123/500] #123 Led Zeppelin - Led Zeppelin II: accepted
[124/500] #124 U2 - Achtung Baby: accepted
[125/500] #125 Beastie Boys - Paul's Boutique: accepted
[126/500] #126 Mary J. Blige - My Life: accepted
[127/500] #127 Ray Charles - Modern Sounds in Country and Western Music: accepted
[128/500] #128 Queen - A Night at the Opera: accepted
[129/500] #129 Pink Floyd - The Wall: accepted
[130/500] #130 Prince - 1999: needs_review
[131/500] #131 Portishead - Dummy: accepted
[132/500] #132 Hank Williams - 40 Greatest Hits: needs_review
[133/500] #133 Joni Mitchell - Hejira: accepted
[134/500] #134 Fugees - The Score: accepted
[135/500] #135 U2 - The Joshua Tree: needs_review
[136/500] #136 Funkadelic - Maggot Brain: accepted
[137/500] #137 Adele - 21: accepted
[138/500] #138 Madonna - The Immaculate Collection: accepted
[139/500] #139 Black Sabbath - Paranoid: accepted
[140/500] #140 Bob Marley and the Wailers - Catch a Fire: accepted
[141/500] #141 Pixies - Doolittle: accepted
[142/500] #142 Bruce Springsteen - Born in the U.S.A.: accepted
[143/500] #143 The Velvet Underground - The Velvet Underground: accepted
[144/500] #144 Led Zeppelin - Physical Graffiti: accepted
[145/500] #145 Eminem - The Marshall Mathers LP: accepted
[146/500] #146 Blondie - Parallel Lines: accepted
[147/500] #147 Jeff Buckley - Grace: needs_review
[148/500] #148 Frank Ocean - Channel Orange: accepted
[149/500] #149 John Prine - John Prine: accepted
[150/500] #150 Bruce Springsteen - Nebraska: accepted
[151/500] #151 George Michael - Faith: accepted
[152/500] #152 The Pretenders - Pretenders: accepted
[153/500] #153 PJ Harvey - Rid of Me: accepted
[154/500] #154 Aretha Franklin - Amazing Grace: accepted
[155/500] #155 Jay-Z - The Black Album: accepted
[156/500] #156 The Replacements - Let It Be: accepted
[157/500] #157 Oasis - (What's the Story) Morning Glory?: needs_review
[158/500] #158 Erykah Badu - Mama's Gun: accepted
[159/500] #159 The Police - Synchronicity: accepted
[160/500] #160 Pearl Jam - Ten: accepted
[161/500] #161 Crosby, Stills & Nash - Crosby, Stills & Nash: needs_review
[162/500] #162 Pulp - Different Class: accepted
[163/500] #163 Various artists - Saturday Night Fever: needs_review
[164/500] #164 Johnny Cash - At Folsom Prison: accepted
[165/500] #165 R.E.M. - Murmur: accepted
[166/500] #166 Buddy Holly - 20 Golden Greats: accepted
[167/500] #167 Depeche Mode - Violator: accepted
[168/500] #168 Steely Dan - Can't Buy a Thrill: accepted
[169/500] #169 Billy Joel - The Stranger: accepted
[170/500] #170 Taylor Swift - Folklore: accepted
[171/500] #171 Sonic Youth - Daydream Nation: needs_review
[172/500] #172 Simon & Garfunkel - Bridge over Troubled Water: needs_review
[173/500] #173 Nirvana - In Utero: accepted
[174/500] #174 Various artists - The Harder They Come: needs_review
[175/500] #175 Kendrick Lamar - Damn: accepted
[176/500] #176 Public Enemy - Fear of a Black Planet: accepted
[177/500] #177 Rod Stewart - Every Picture Tells a Story: accepted
[178/500] #178 Otis Redding - Otis Blue/Otis Redding Sings Soul: accepted
[179/500] #179 The Notorious B.I.G. - Life After Death: accepted
[180/500] #180 Love - Forever Changes: accepted
[181/500] #181 Bob Dylan - Bringing It All Back Home: accepted
[182/500] #182 James Taylor - Sweet Baby James: accepted
[183/500] #183 D'Angelo - Brown Sugar: needs_review
[184/500] #184 Cyndi Lauper - She's So Unusual: accepted
[185/500] #185 The Rolling Stones - Beggars Banquet: accepted
[186/500] #186 Red Hot Chili Peppers - Blood Sugar Sex Magik: accepted
[187/500] #187 Ice Cube - AmeriKKKa's Most Wanted: needs_review
[188/500] #188 T. Rex - Electric Warrior: accepted
[189/500] #189 Sleater-Kinney - Dig Me Out: accepted
[190/500] #190 The Who - Tommy: accepted
[191/500] #191 Etta James - At Last!: needs_review
[192/500] #192 Beastie Boys - Licensed to Ill: accepted
[193/500] #193 Creedence Clearwater Revival - Willy and the Poor Boys: accepted
[194/500] #194 Michael Jackson - Bad: needs_review
[195/500] #195 Leonard Cohen - Songs of Leonard Cohen: accepted
[196/500] #196 Robyn - Body Talk: accepted
[197/500] #197 The Beatles - Meet the Beatles!: accepted
[198/500] #198 The B-52's - The B-52's: needs_review
[199/500] #199 Pavement - Slanted and Enchanted: accepted
[200/500] #200 Sade - Diamond Life: accepted
[201/500] #201 A Tribe Called Quest - Midnight Marauders: accepted
[202/500] #202 Björk - Homogenic: accepted
[203/500] #203 Nick Drake - Pink Moon: accepted
[204/500] #204 Kanye West - Graduation: accepted
[205/500] #205 Cat Stevens - Tea for the Tillerman: accepted
[206/500] #206 David Bowie - Low: accepted
[207/500] #207 Eagles - Eagles: accepted
[208/500] #208 Lil Wayne - Tha Carter III: accepted
[209/500] #209 Run-DMC - Raising Hell: accepted
[210/500] #210 Ray Charles - The Birth of Soul: accepted
[211/500] #211 Joy Division - Unknown Pleasures: accepted
[212/500] #212 Nina Simone - Wild Is the Wind: accepted
[213/500] #213 Fiona Apple - The Idler Wheel...: accepted
[214/500] #214 Tom Petty - Wildflowers: accepted
[215/500] #215 Grateful Dead - American Beauty: accepted
[216/500] #216 Elliott Smith - Either/Or: accepted
[217/500] #217 Oasis - Definitely Maybe: accepted
[218/500] #218 TLC - CrazySexyCool: accepted
[219/500] #219 Raekwon - Only Built 4 Cuban Linx...: accepted
[220/500] #220 Crosby, Stills, Nash & Young - Déjà Vu: accepted
[221/500] #221 Rage Against the Machine - Rage Against the Machine: needs_review
[222/500] #222 Madonna - Ray of Light: accepted
[223/500] #223 John Lennon - Imagine: accepted
[224/500] #224 Dixie Chicks - Fly: accepted
[225/500] #225 Wilco - Yankee Hotel Foxtrot: accepted
[226/500] #226 Derek and the Dominos - Layla and Other Assorted Love Songs: accepted
[227/500] #227 Little Richard - Here's Little Richard: needs_review
[228/500] #228 De La Soul - De La Soul Is Dead: accepted
[229/500] #229 Patsy Cline - The Ultimate Collection: needs_review
[230/500] #230 Rihanna - Anti: accepted
[231/500] #231 Tom Petty and the Heartbreakers - Damn the Torpedoes: accepted
[232/500] #232 John Coltrane - Giant Steps: accepted
[233/500] #233 Tori Amos - Little Earthquakes: accepted
[234/500] #234 Black Sabbath - Master of Reality: accepted
[235/500] #235 Metallica - Metallica: accepted
[236/500] #236 Daft Punk - Discovery: accepted
[237/500] #237 Willie Nelson - Red Headed Stranger: accepted
[238/500] #238 Kraftwerk - Trans-Europe Express: needs_review
[239/500] #239 Boogie Down Productions - Criminal Minded: accepted
[240/500] #240 Sam Cooke - Live at the Harlem Square Club, 1963: accepted
[241/500] #241 Massive Attack - Blue Lines: accepted
[242/500] #242 The Velvet Underground - Loaded: needs_review
[243/500] #243 The Zombies - Odessey and Oracle: accepted
[244/500] #244 Kanye West - 808s & Heartbreak: accepted
[245/500] #245 Cocteau Twins - Heaven or Las Vegas: needs_review
[246/500] #246 LL Cool J - Mama Said Knock You Out: needs_review
[247/500] #247 Sade - Love Deluxe: accepted
[248/500] #248 Green Day - American Idiot: needs_review
[249/500] #249 Whitney Houston - Whitney Houston: accepted
[250/500] #250 Buzzcocks - Singles Going Steady: accepted
[251/500] #251 Elton John - Honky Château: accepted
[252/500] #252 Devo - Q: Are We Not Men? A: We Are Devo!: accepted
[253/500] #253 Pink Floyd - The Piper at the Gates of Dawn: accepted
[254/500] #254 Herbie Hancock - Head Hunters: accepted
[255/500] #255 Bob Dylan - The Freewheelin' Bob Dylan: accepted
[256/500] #256 Tracy Chapman - Tracy Chapman: accepted
[257/500] #257 Dolly Parton - Coat of Many Colors: accepted
[258/500] #258 Joni Mitchell - The Hissing of Summer Lawns: accepted
[259/500] #259 Janis Joplin - Pearl: accepted
[260/500] #260 The Slits - Cut: accepted
[261/500] #261 Beastie Boys - Check Your Head: accepted
[262/500] #262 New Order - Power, Corruption & Lies: accepted
[263/500] #263 The Beatles - A Hard Day's Night: accepted
[264/500] #264 Pink Floyd - Wish You Were Here: accepted
[265/500] #265 Pavement - Wowee Zowee: accepted
[266/500] #266 The Beatles - Help!: accepted
[267/500] #267 Minutemen - Double Nickels on the Dime: accepted
[268/500] #268 Randy Newman - Sail Away: accepted
[269/500] #269 Kanye West - Yeezus: accepted
[270/500] #270 Kacey Musgraves - Golden Hour: accepted
[271/500] #271 Mary J. Blige - What's the 411?: accepted
[272/500] #272 The Velvet Underground - White Light/White Heat: needs_review
[273/500] #273 Gang of Four - Entertainment!: accepted
[274/500] #274 The Byrds - Sweetheart of the Rodeo: accepted
[275/500] #275 Curtis Mayfield - Curtis: accepted
[276/500] #276 Radiohead - The Bends: needs_review
[277/500] #277 Alicia Keys - The Diary of Alicia Keys: accepted
[278/500] #278 Led Zeppelin - Houses of the Holy: accepted
[279/500] #279 Nirvana - MTV Unplugged in New York: accepted
[280/500] #280 50 Cent - Get Rich or Die Tryin': accepted
[281/500] #281 Harry Nilsson - Nilsson Schmilsson: accepted
[282/500] #282 Frank Sinatra - In the Wee Small Hours: accepted
[283/500] #283 Donna Summer - Bad Girls: needs_review
[284/500] #284 Merle Haggard - Down Every Road 1962–1994: accepted
[285/500] #285 Big Star - Third/Sister Lovers: accepted
[286/500] #286 Red Hot Chili Peppers - Californication: needs_review
[287/500] #287 The Byrds - Mr. Tambourine Man: accepted
[288/500] #288 The Modern Lovers - The Modern Lovers: accepted
[289/500] #289 Björk - Post: accepted
[290/500] #290 Outkast - Speakerboxxx/The Love Below: accepted
[291/500] #291 Destiny's Child - The Writing's on the Wall: accepted
[292/500] #292 Van Halen - Van Halen: accepted
[293/500] #293 The Breeders - Last Splash: accepted
[294/500] #294 Weezer - Weezer: accepted
[295/500] #295 Daft Punk - Random Access Memories: accepted
[296/500] #296 Neil Young and Crazy Horse - Rust Never Sleeps: needs_review
[297/500] #297 Peter Gabriel - So: accepted
[298/500] #298 Tom Petty - Full Moon Fever: accepted
[299/500] #299 B.B. King - Live at the Regal: accepted
[300/500] #300 Shania Twain - Come On Over: accepted
[301/500] #301 New York Dolls - New York Dolls: needs_review
[302/500] #302 Neil Young - Tonight's the Night: accepted
[303/500] #303 ABBA - The Definitive Collection: accepted
[304/500] #304 Bill Withers - Just as I Am: accepted
[305/500] #305 Kiss - Alive!: accepted
[306/500] #306 Al Green - I'm Still in Love with You: accepted
[307/500] #307 Sam Cooke - Portrait of a Legend: 1951–1964: accepted
[308/500] #308 Brian Eno - Here Come the Warm Jets: accepted
[309/500] #309 Joy Division - Closer: accepted
[310/500] #310 Wire - Pink Flag: accepted
[311/500] #311 Neil Young - On the Beach: accepted
[312/500] #312 Solange Knowles - A Seat at the Table: accepted
[313/500] #313 PJ Harvey - Stories from the City, Stories from the Sea: accepted
[314/500] #314 Aaliyah - One in a Million: accepted
[315/500] #315 Rosalía - El Mal Querer: accepted
[316/500] #316 The Who - The Who Sell Out: accepted
[317/500] #317 Billie Holiday - Lady in Satin: needs_review
[318/500] #318 Janet Jackson - The Velvet Rope: accepted
[319/500] #319 The Stone Roses - The Stone Roses: accepted
[320/500] #320 X - Los Angeles: accepted
[321/500] #321 Lana Del Rey - Norman Fucking Rockwell!: needs_review
[322/500] #322 Elvis Presley - From Elvis in Memphis: accepted
[323/500] #323 The Clash - Sandinista!: accepted
[324/500] #324 Coldplay - A Rush of Blood to the Head: accepted
[325/500] #325 Jerry Lee Lewis - All Killer, No Filler: The Anthology: accepted
[326/500] #326 Prince - Dirty Mind: needs_review
[327/500] #327 The Who - Live at Leeds: accepted
[328/500] #328 Vampire Weekend - Modern Vampires of the City: accepted
[329/500] #329 DJ Shadow - Endtroducing.....: needs_review
[330/500] #330 The Rolling Stones - Aftermath: discarded
[331/500] #331 Madonna - Like a Prayer: accepted
[332/500] #332 Elvis Presley - Elvis Presley: accepted
[333/500] #333 Bill Withers - Still Bill: accepted
[334/500] #334 Santana - Abraxas: accepted
[335/500] #335 Bob Dylan and the Band - The Basement Tapes: accepted
[336/500] #336 Roxy Music - Avalon: needs_review
[337/500] #337 Bob Dylan - John Wesley Harding: accepted
[338/500] #338 Brian Eno - Another Green World: accepted
[339/500] #339 Janet Jackson - Janet Jackson's Rhythm Nation 1814: accepted
[340/500] #340 Snoop Doggy Dogg - Doggystyle: accepted
[341/500] #341 The Smashing Pumpkins - Siamese Dream: accepted
[342/500] #342 The Beatles - Let It Be: needs_review
[343/500] #343 Sly and the Family Stone - Greatest Hits: accepted
[344/500] #344 Toots and the Maytals - Funky Kingston: accepted
[345/500] #345 Bruce Springsteen - The Wild, the Innocent & the E Street Shuffle: accepted
[346/500] #346 Arctic Monkeys - AM: accepted
[347/500] #347 GZA - Liquid Swords: needs_review
[348/500] #348 Gillian Welch - Time (The Revelator): accepted
[349/500] #349 MC5 - Kick Out the Jams: accepted
[350/500] #350 Stevie Wonder - Music of My Mind: accepted
[351/500] #351 SZA - SOS: accepted
[352/500] #352 Eminem - The Slim Shady LP: accepted
[353/500] #353 The Cars - The Cars: accepted
[354/500] #354 X-Ray Spex - Germfree Adolescents: accepted
[355/500] #355 Black Sabbath - Black Sabbath: needs_review
[356/500] #356 Dr. John - Gris-Gris: accepted
[357/500] #357 Tom Waits - Rain Dogs: accepted
[358/500] #358 Olivia Rodrigo - Sour: accepted
[359/500] #359 Big Star - Radio City: needs_review
[360/500] #360 Funkadelic - One Nation Under a Groove: needs_review
[361/500] #361 My Chemical Romance - The Black Parade: accepted
[362/500] #362 Luther Vandross - Never Too Much: needs_review
[363/500] #363 Parliament - Mothership Connection: accepted
[364/500] #364 Talking Heads - More Songs About Buildings and Food: accepted
[365/500] #365 Madvillain - Madvillainy: accepted
[366/500] #366 Aerosmith - Rocks: accepted
[367/500] #367 Drake - If You're Reading This It's Too Late: accepted
[368/500] #368 George Harrison - All Things Must Pass: accepted
[369/500] #369 Mobb Deep - The Infamous: accepted
[370/500] #370 Lil Wayne - Tha Carter II: accepted
[371/500] #371 The Temptations - Anthology: needs_review
[372/500] #372 Big Brother and the Holding Company - Cheap Thrills: accepted
[373/500] #373 Isaac Hayes - Hot Buttered Soul: accepted
[374/500] #374 Robert Johnson - King of the Delta Blues Singers: accepted
[375/500] #375 Green Day - Dookie: accepted
[376/500] #376 Neutral Milk Hotel - In the Aeroplane Over the Sea: accepted
[377/500] #377 Yeah Yeah Yeahs - Fever to Tell: accepted
[378/500] #378 Run-DMC - Run-D.M.C.: accepted
[379/500] #379 Rush - Moving Pictures: accepted
[380/500] #380 Charles Mingus - Mingus Ah Um: accepted
[381/500] #381 Lynyrd Skynyrd - (Pronounced 'Lĕh-'nérd 'Skin-'nérd): accepted
[382/500] #382 Tame Impala - Currents: accepted
[383/500] #383 Massive Attack - Mezzanine: accepted
[384/500] #384 The Kinks - The Kinks Are the Village Green Preservation Society: accepted
[385/500] #385 Ramones - Rocket to Russia: accepted
[386/500] #386 J Dilla - Donuts: accepted
[387/500] #387 Radiohead - In Rainbows: accepted
[388/500] #388 Aretha Franklin - Young, Gifted and Black: accepted
[389/500] #389 Mariah Carey - The Emancipation of Mimi: accepted
[390/500] #390 Pixies - Surfer Rosa: accepted
[391/500] #391 Kelis - Kaleidoscope: accepted
[392/500] #392 Ike & Tina Turner - Proud Mary: The Best of Ike & Tina Turner: accepted
[393/500] #393 Taylor Swift - 1989: accepted
[394/500] #394 Diana Ross - Diana: needs_review
[395/500] #395 D'Angelo and the Vanguard - Black Messiah: accepted
[396/500] #396 Todd Rundgren - Something/Anything?: accepted
[397/500] #397 Billie Eilish - When We All Fall Asleep, Where Do We Go?: accepted
[398/500] #398 The Raincoats - The Raincoats: accepted
[399/500] #399 Brian Wilson - Brian Wilson Presents Smile: needs_review
[400/500] #400 The Go-Go's - Beauty and the Beat: accepted
[401/500] #401 Blondie - Blondie: needs_review
[402/500] #402 Fela Kuti and Africa '70 - Expensive Shit: accepted
[403/500] #403 Ghostface Killah - Supreme Clientele: accepted
[404/500] #404 Anita Baker - Rapture: accepted
[405/500] #405 Various artists - Nuggets: Original Artyfacts from the First Psychedelic Era, 1965–1968: accepted
[406/500] #406 The Magnetic Fields - 69 Love Songs: accepted
[407/500] #407 Neil Young - Everybody Knows This Is Nowhere: accepted
[408/500] #408 Motörhead - Ace of Spades: accepted
[409/500] #409 Grateful Dead - Workingman's Dead: accepted
[410/500] #410 The Beach Boys - Wild Honey: needs_review
[411/500] #411 Bob Dylan - Love and Theft: accepted
[412/500] #412 Smokey Robinson - Going to a Go-Go: accepted
[413/500] #413 Creedence Clearwater Revival - Cosmo's Factory: accepted
[414/500] #414 Chic - Risqué: accepted
[415/500] #415 The Meters - Look-Ka Py Py: accepted
[416/500] #416 The Roots - Things Fall Apart: accepted
[417/500] #417 Ornette Coleman - The Shape of Jazz to Come: accepted
[418/500] #418 Dire Straits - Brothers in Arms: needs_review
[419/500] #419 Eric Church - Chief: accepted
[420/500] #420 Earth, Wind & Fire - That's the Way of the World: needs_review
[421/500] #421 M.I.A. - Arular: accepted
[422/500] #422 Marvin Gaye - Let's Get It On: needs_review
[423/500] #423 Yo La Tengo - I Can Hear the Heart Beating as One: accepted
[424/500] #424 Beck - Odelay: accepted
[425/500] #425 Paul Simon - Paul Simon: accepted
[426/500] #426 Lucinda Williams - Lucinda Williams: accepted
[427/500] #427 Al Green - Call Me: accepted
[428/500] #428 Hüsker Dü - New Day Rising: accepted
[429/500] #429 Four Tops - Reach Out: needs_review
[430/500] #430 Bad Bunny - Un Verano Sin Ti: accepted
[431/500] #431 Los Lobos - How Will the Wolf Survive?: accepted
[432/500] #432 Usher - Confessions: accepted
[433/500] #433 LCD Soundsystem - Sound of Silver: accepted
[434/500] #434 Pavement - Crooked Rain, Crooked Rain: accepted
[435/500] #435 Pet Shop Boys - Actually: accepted
[436/500] #436 2Pac - All Eyez on Me: accepted
[437/500] #437 Gorillaz - Demon Days: needs_review
[438/500] #438 Blur - Parklife: needs_review
[439/500] #439 James Brown - Sex Machine: accepted
[440/500] #440 Loretta Lynn - Coal Miner's Daughter: accepted
[441/500] #441 Britney Spears - Blackout: accepted
[442/500] #442 The Weeknd - Beauty Behind the Madness: accepted
[443/500] #443 David Bowie - Scary Monsters (and Super Creeps): needs_review
[444/500] #444 Fiona Apple - Extraordinary Machine: accepted
[445/500] #445 Yes - Close to the Edge: accepted
[446/500] #446 Alice Coltrane - Journey in Satchidananda: accepted
[447/500] #447 Bad Bunny - X 100pre: accepted
[448/500] #448 Otis Redding - Complete & Unbelievable: The Otis Redding Dictionary of Soul: accepted
[449/500] #449 The White Stripes - Elephant: accepted
[450/500] #450 Paul McCartney and Linda McCartney - Ram: accepted
[451/500] #451 Roberta Flack - First Take: accepted
[452/500] #452 The Supremes - Anthology: accepted
[453/500] #453 Nine Inch Nails - Pretty Hate Machine: accepted
[454/500] #454 Can - Ege Bamyası: accepted
[455/500] #455 Bo Diddley - Bo Diddley/Go Bo Diddley: needs_review
[456/500] #456 Al Green - Al Green's Greatest Hits: needs_review
[457/500] #457 Sinéad O'Connor - I Do Not Want What I Haven't Got: accepted
[458/500] #458 Jason Isbell - Southeastern: accepted
[459/500] #459 Kid Cudi - Man on the Moon: The End of Day: accepted
[460/500] #460 Lorde - Melodrama: accepted
[461/500] #461 Bon Iver - For Emma, Forever Ago: accepted
[462/500] #462 The Flying Burrito Brothers - The Gilded Palace of Sin: needs_review
[463/500] #463 Laura Nyro - Eli and the Thirteenth Confession: accepted
[464/500] #464 The Isley Brothers - 3 + 3: needs_review
[465/500] #465 King Sunny Adé - The Best of the Classic Years: accepted
[466/500] #466 Black Uhuru - Red: accepted
[467/500] #467 Maxwell - BLACKsummers'night: needs_review
[468/500] #468 The Rolling Stones - Some Girls: accepted
[469/500] #469 Manu Chao - Clandestino: accepted
[470/500] #470 Juvenile - 400 Degreez: accepted
[471/500] #471 Jefferson Airplane - Surrealistic Pillow: accepted
[472/500] #472 SZA - Ctrl: accepted
[473/500] #473 Daddy Yankee - Barrio Fino: accepted
[474/500] #474 Big Star - #1 Record: accepted
[475/500] #475 Sheryl Crow - Sheryl Crow: needs_review
[476/500] #476 Sparks - Kimono My House: accepted
[477/500] #477 Howlin' Wolf - Moanin' in the Moonlight: accepted
[478/500] #478 The Kinks - Something Else by the Kinks: accepted
[479/500] #479 Selena - Amor Prohibido: accepted
[480/500] #480 Miranda Lambert - The Weight of These Wings: accepted
[481/500] #481 Belle and Sebastian - If You're Feeling Sinister: accepted
[482/500] #482 The Pharcyde - Bizarre Ride II the Pharcyde: accepted
[483/500] #483 Muddy Waters - The Anthology: 1947–1972: needs_review
[484/500] #484 Lady Gaga - Born This Way: needs_review
[485/500] #485 Richard Thompson and Linda Thompson - I Want to See the Bright Lights Tonight: accepted
[486/500] #486 John Mayer - Continuum: accepted
[487/500] #487 Black Flag - Damaged: accepted
[488/500] #488 The Stooges - The Stooges: accepted
[489/500] #489 Various artists - Back to Mono (1958–1969): accepted
[490/500] #490 Linda Ronstadt - Heart Like a Wheel: accepted
[491/500] #491 Harry Styles - Harry's House: accepted
[492/500] #492 Bonnie Raitt - Nick of Time: needs_review
[493/500] #493 Marvin Gaye - Here, My Dear: accepted
[494/500] #494 The Ronettes - Presenting the Fabulous Ronettes Featuring Veronica: accepted
[495/500] #495 Boyz II Men - II: accepted
[496/500] #496 Shakira - ¿Dónde Están los Ladrones?: accepted
[497/500] #497 Various artists - The Indestructible Beat of Soweto: accepted
[498/500] #498 Suicide - Suicide: needs_review
[499/500] #499 Rufus featuring Chaka Khan - Ask Rufus: accepted
[500/500] #500 Arcade Fire - Funeral: accepted

Accepted:     412 -> /Volumes/Dev/portfolio/dummy-sites/vinyl-cut/etl/seed/seed.json
Needs review: 87 -> /Volumes/Dev/portfolio/dummy-sites/vinyl-cut/etl/seed/needs_review.csv
Discarded:    1 -> /Volumes/Dev/portfolio/dummy-sites/vinyl-cut/etl/seed/discarded.csv
