[1/500] #1 Marvin Gaye - What's Going On (ba91f9e2-2391-4bbd-9114-c9eff138fd98): updated
[2/500] #2 The Beach Boys - Pet Sounds (7e8a98c2-5847-43dd-891a-c872a850266c): updated
[3/500] #3 Joni Mitchell - Blue (243fb7b0-e7f3-42e8-bdfc-a66fd9e23d0e): updated
[4/500] #4 Stevie Wonder - Songs in the Key of Life (9b51a6b5-7f55-4dc7-8e10-a69410c7b306): updated
[5/500] #5 The Beatles - Abbey Road (d6010be3-98f8-422c-a6c9-787e2e491e58): updated
[6/500] #6 Nirvana - Nevermind (eccae410-7577-4daa-b602-92d305828331): updated
[7/500] #7 Fleetwood Mac - Rumours (081ea37e-db59-4332-8cd2-ad020cb93af6): updated
[8/500] #8 Prince and the Revolution - Purple Rain (5b39a32b-9654-4534-a260-9bb56fd381c9): updated
[9/500] #9 Bob Dylan - Blood on the Tracks (ee7f79c0-f52b-45e5-800e-daa8e1d69144): updated
[10/500] #10 Lauryn Hill - The Miseducation of Lauryn Hill (c6e5d8ca-89e3-303c-b649-85f577e0cbc6): updated
[11/500] #11 The Beatles - Revolver (5f3ba07b-4a24-4cd5-b8ad-95ba0fcebec1): updated
[12/500] #12 Michael Jackson - Thriller (897b7802-6317-492f-8da1-d94e3bf9cba9): updated
[13/500] #13 Aretha Franklin - I Never Loved a Man the Way I Love You (05da3358-13f7-4c91-b37c-23173489dbba): updated
[14/500] #14 The Rolling Stones - Exile on Main St. (83ecd172-3f27-4d22-93f8-a8324d18248e): updated
[15/500] #15 Public Enemy - It Takes a Nation of Millions to Hold Us Back (f54d0e54-86d7-4e9d-975a-3fbf81c6ac80): updated
[16/500] #16 The Clash - London Calling (efc61929-387e-42a9-8194-caccdca7012e): updated
[17/500] #17 Kanye West - My Beautiful Dark Twisted Fantasy (cd474271-bd7a-4d53-ba9e-e9d5bd7958cb): updated
[18/500] #18 Bob Dylan - Highway 61 Revisited (d61a2bd9-81ac-4023-bd22-1c884d4a176c): updated
[19/500] #19 Kendrick Lamar - To Pimp a Butterfly (8a426098-714d-4897-b180-dfd8f0a70fc9): updated
[20/500] #20 Radiohead - Kid A (677cf459-923a-49ca-b144-90083728d2dc): updated
[21/500] #21 Bruce Springsteen - Born to Run (4561ec75-1f2b-4742-8724-bf83fb420a2e): updated
[22/500] #22 The Notorious B.I.G. - Ready to Die (ed2eb0db-4ef9-3658-a613-582dd359348e): updated
[23/500] #23 The Velvet Underground - The Velvet Underground & Nico (2657e677-49ce-480f-8868-04a0b354aec2): updated
[24/500] #24 The Beatles - Sgt. Pepper's Lonely Hearts Club Band (44b7cab1-0ce1-404e-9089-b458eb3fa530): updated
[25/500] #25 Carole King - Tapestry (74467fc2-2b96-3e25-914b-082a82373014): updated
[26/500] #26 Patti Smith - Horses (96c08749-3ffe-37f2-a226-132c6e59c17d): updated
[27/500] #27 Wu-Tang Clan - Enter the Wu-Tang (36 Chambers) (ac4714c8-28e4-47c0-adbf-fd982fb45768): updated
[28/500] #28 D'Angelo - Voodoo (c38e2ae2-ed32-4e8d-aa4a-4c8bac3bec64): updated
[29/500] #29 The Beatles - The Beatles (682cdf23-c89d-4594-94df-b01874be1682): updated
[30/500] #30 The Jimi Hendrix Experience - Are You Experienced (6b050dcf-7ab1-456d-9e1b-c3c41c18eed2): updated
[31/500] #31 Miles Davis - Kind of Blue (bee5e0cd-1767-4a8e-9578-6455e87ba60b): updated
[32/500] #32 Beyoncé - Lemonade (5b3de0e4-cf86-43c4-b025-80288d6f7466): updated
[33/500] #33 Amy Winehouse - Back to Black (e75e5bc2-0145-4a26-8b87-7340362dfe4b): updated
[34/500] #34 Stevie Wonder - Innervisions (f5b19d0e-1398-41db-a24f-50b3f6599a39): updated
[35/500] #35 The Beatles - Rubber Soul (288cd84a-a357-461c-98d6-745077837816): updated
[36/500] #36 Michael Jackson - Off the Wall (24503c26-ddf3-493d-8311-5ec76f366942): updated
[37/500] #37 Dr. Dre - The Chronic (0001a90e-252d-3af0-8e1c-173c1c4835c3): updated
[38/500] #38 Bob Dylan - Blonde on Blonde (1b051a10-7268-3773-a9ba-660765056ae3): updated
[39/500] #39 Talking Heads - Remain in Light (7d122d69-58cd-4f1f-82c8-bde77239122e): updated
[40/500] #40 David Bowie - The Rise and Fall of Ziggy Stardust and the Spiders from Mars (bb7f0f5a-586e-3f90-8665-fdc547aa2a54): updated
[41/500] #41 The Rolling Stones - Let It Bleed (15d6b4ef-8517-348e-a50f-e3e2417f009b): updated
[42/500] #42 Radiohead - OK Computer (1834eae1-741b-3c03-9ca5-0df3decb43ea): updated
[43/500] #43 A Tribe Called Quest - The Low End Theory (63747b49-c817-4688-a3c3-c6b534672f3e): updated
[44/500] #44 Nas - Illmatic (9651aac2-4296-381f-a595-f11e3242c997): updated
[45/500] #45 Prince - Sign o' the Times (e767460a-4c71-4563-8ac4-22a6f0f4d2fe): updated
[46/500] #46 Paul Simon - Graceland (95718634-fc1e-3ccc-b0cf-a9df519230e9): updated
[47/500] #47 Ramones - Ramones (627e3a2a-2df4-46c3-afb3-f734dcc90100): updated
[48/500] #48 Bob Marley and the Wailers - Exodus (41ec6d32-57ca-4e67-803a-2260f957888e): updated
[49/500] #49 Outkast - Aquemini (63f4592c-6f58-32bb-bd9f-a431dc14e04d): updated
[50/500] #50 Jay-Z - The Blueprint (a28c25b5-0178-4a3c-b3a1-41d3468fca33): updated
[51/500] #51 Chuck Berry - The Great Twenty-Eight (2e443d48-c3e7-420b-936b-b0026238f027): updated
[52/500] #52 David Bowie - Station to Station (6cd16d0d-4269-4cd2-ac9a-067d746d5c94): updated
[53/500] #53 The Jimi Hendrix Experience - Electric Ladyland (c7e10920-cb41-4990-9bb7-3227a1f7b0a6): updated
[54/500] #54 James Brown - Star Time (248e85fc-894d-42b0-a4ff-2c96b9f1e384): updated
[55/500] #55 Pink Floyd - The Dark Side of the Moon (b84ee12a-09ef-421b-82de-0441a926375b): updated
[56/500] #56 Liz Phair - Exile in Guyville (b08b6174-7f4d-4064-a4d8-b6824e0dc1c3): updated
[57/500] #57 The Band - The Band (7b8a9e84-de1b-43eb-bf64-92a4309cc619): updated
[58/500] #58 Led Zeppelin - Led Zeppelin IV (d204c2a6-665a-35ef-9b7c-799df194dea1): updated
[59/500] #59 Stevie Wonder - Talking Book (31137e7a-dce1-4066-9c7a-05de177f1163): updated
[60/500] #60 Van Morrison - Astral Weeks (3edf39cf-f328-43d9-8653-fef37800516f): updated
[61/500] #61 Eric B. & Rakim - Paid in Full (5f1825ad-2e72-37a3-a5ed-4f8c3ba08035): updated
[62/500] #62 Guns N' Roses - Appetite for Destruction (b12b86e1-098a-4610-8d3c-01b509e5fed7): updated
[63/500] #63 Steely Dan - Aja (5e8c8780-2b25-4e43-9d0f-804131132eb6): updated
[64/500] #64 Outkast - Stankonia (296f8a54-eff7-3c6a-9857-164c05479c09): updated
[65/500] #65 James Brown - Live at the Apollo (ad8c35db-2d1b-4674-a6f3-e7616227ee20): updated
[66/500] #66 John Coltrane - A Love Supreme (77d06b99-117a-3ba3-8230-69361ad7be91): updated
[67/500] #67 Jay-Z - Reasonable Doubt (9168fbd8-5820-48c6-85ef-6552de8f1d0d): updated
[68/500] #68 Kate Bush - Hounds of Love (371439f4-b3ac-4f6f-badc-a95a8d1d1cd1): updated
[69/500] #69 Alanis Morissette - Jagged Little Pill (630617b0-90ad-4153-91b8-5e03a4083c36): updated
[70/500] #70 N.W.A - Straight Outta Compton (d930166c-e5b6-420d-8177-e62f351f6859): updated
[71/500] #71 Beyoncé - Renaissance (44da45b6-03f3-4008-81d4-23a1227cf9a9): updated
[72/500] #72 Neil Young - Harvest (1cf4c76b-9cfb-3999-af86-34bc14b18ee0): updated
[73/500] #73 My Bloody Valentine - Loveless (2fd724cb-63f0-4c50-a7bc-7a156d3d3f5a): updated
[74/500] #74 Kanye West - The College Dropout (da13b81f-7b09-3fb6-b5c9-8551f22c797e): updated
[75/500] #75 Aretha Franklin - Lady Soul (5c9b9213-c85c-43fd-8522-de03df8e0b1d): updated
[76/500] #76 Curtis Mayfield - Super Fly (d9c00e12-5fef-4183-bd14-b501dabc3613): updated
[77/500] #77 The Who - Who's Next (a6545e7f-991e-3d1b-8ada-e2182adcbc8a): updated
[78/500] #78 Elvis Presley - The Sun Sessions (105f0ad0-1cd1-4fa3-9e67-c826c2964066): updated
[79/500] #79 Frank Ocean - Blonde (8294645a-f996-44b6-9060-7f189b9f59f3): updated
[80/500] #80 Sex Pistols - Never Mind the Bollocks, Here's the Sex Pistols (c6f06bc3-44ac-4555-8991-057f6bce36d7): updated
[81/500] #81 Beyoncé - Beyoncé (64c49c0c-2c2e-4f89-90b8-641635a7fb88): updated
[82/500] #82 Sly and the Family Stone - There's a Riot Goin' On (ffce7f9d-4a98-396d-bab7-97e52930cab9): updated
[83/500] #83 Dusty Springfield - Dusty in Memphis (e80f0213-a747-4d14-b5ce-114519e2f00d): updated
[84/500] #84 AC/DC - Back in Black (7358214c-e1d4-4ffe-932c-0b3b79609bc7): updated
[85/500] #85 John Lennon - John Lennon/Plastic Ono Band (dba99324-d642-3c64-a275-cf1423119315): updated
[86/500] #86 The Doors - The Doors (4438e99b-ef1e-32d0-962d-79e9f511f64e): updated
[87/500] #87 Miles Davis - Bitches Brew (a3af4c37-0eee-4500-bfb3-4d8793b31743): updated
[88/500] #88 David Bowie - Hunky Dory (4800c809-f22f-4aee-8533-d3fb5884ac5f): updated
[89/500] #89 Erykah Badu - Baduizm (92c85c68-e8e4-3c39-bf4e-dd9e7339427c): updated
[90/500] #90 Neil Young - After the Gold Rush (95723f6f-f2e3-4a94-9ede-5d2f69932a8a): updated
[91/500] #91 Bruce Springsteen - Darkness on the Edge of Town (96f335a5-1c89-4cba-956e-b035d994e338): updated
[92/500] #92 The Jimi Hendrix Experience - Axis: Bold as Love (a2662ae2-f06b-3cdd-892f-596646c03558): updated
[93/500] #93 Missy Elliott - Supa Dupa Fly (5c578551-218a-4b6e-a972-c50fec55ce72): updated
[94/500] #94 The Stooges - Fun House (68ee7490-8776-4200-9ef1-d6553eb8ba16): updated
[95/500] #95 Drake - Take Care (02f7e348-b1ae-4c4e-a057-b97f1f56e53c): updated
[96/500] #96 R.E.M. - Automatic for the People (77110b4c-be2c-4ae2-9fe6-c212ff2efd63): updated
[97/500] #97 Metallica - Master of Puppets (9ad9f401-9b5e-44d7-8b41-51ef37146f32): updated
[98/500] #98 Lucinda Williams - Car Wheels on a Gravel Road (cf8fc7b7-a662-4af5-a42e-db3de68bcf0d): updated
[99/500] #99 Taylor Swift - Red (14cd0c13-c5b9-41fd-a680-039a52d9765a): updated
[100/500] #100 The Band - Music from Big Pink (afacbcab-cdf6-408f-a483-abaa06b618f6): updated
[101/500] #101 Led Zeppelin - Led Zeppelin (e53120aa-ef15-491d-ad39-8ef159a6ca6b): updated
[102/500] #102 The Clash - The Clash (64d16be8-0039-4c74-86ed-4d16b61ed59b): updated
[103/500] #103 De La Soul - 3 Feet High and Rising (6ec5c989-00a1-4960-89a3-818a52ae011f): updated
[104/500] #104 The Rolling Stones - Sticky Fingers (d883e644-5ec0-4928-9ccd-fc78bc306a46): updated
[105/500] #105 The Allman Brothers Band - At Fillmore East (f54d5d53-e85a-3b4e-b35c-3c86400f18aa): updated
[106/500] #106 Hole - Live Through This (a31a62a5-bb69-45da-add9-2db818311dd5): updated
[107/500] #107 Television - Marquee Moon (238563e4-f7d2-4cb4-9fd6-a1277058071e): updated
[108/500] #108 Fiona Apple - When the Pawn... (083a27b7-e140-4e5e-84a2-eb746102b143): updated
[109/500] #109 Lou Reed - Transformer (c0afd87f-2f90-4c4d-b69d-ec150660fa5a): updated
[110/500] #110 Joni Mitchell - Court and Spark (7921d96f-48d6-4d37-b1be-9074139a6f00): updated
[111/500] #111 Janet Jackson - Control (667487f6-0635-4f63-86d4-02e238e3a498): updated
[112/500] #112 Elton John - Goodbye Yellow Brick Road (b6fefb5d-f037-4eca-ab2b-955a476de078): updated
[113/500] #113 The Smiths - The Queen Is Dead (3166b55c-17db-3a92-87f7-3b62d0222c46): updated
[114/500] #114 The Strokes - Is This It (a4b72651-bb31-4408-a99c-081ddbca7fcc): updated
[115/500] #115 Kendrick Lamar - Good Kid, M.A.A.D City (d5bcadc9-d6b2-4119-bf50-af1b9dca834c): updated
[116/500] #116 The Cure - Disintegration (11af85e2-c272-4c59-a902-47f75141dc97): updated
[117/500] #117 Kanye West - Late Registration (c4a2e331-9b7d-429f-8117-7749e64f75e8): updated
[118/500] #118 Eagles - Hotel California (1ef9a081-4b4c-460c-8581-a03ccb7b5d01): updated
[119/500] #119 Sly and the Family Stone - Stand! (13a61b22-7072-4561-a939-4abb4c823b1f): updated
[120/500] #120 Van Morrison - Moondance (f4953bda-b642-3a9b-a934-78e0e3b7eb6e): updated
[121/500] #121 Elvis Costello - This Year's Model (fb7ba508-f362-4678-8b56-90ae19b2a888): updated
[122/500] #122 Nine Inch Nails - The Downward Spiral (ba8701ba-dc7c-4bca-9c83-846ee8c3d576): updated
[123/500] #123 Led Zeppelin - Led Zeppelin II (87e8eaa5-2285-4fd5-b392-f0e8bad5b2f9): updated
[124/500] #124 U2 - Achtung Baby (9b746946-202a-39b5-9964-9c578ad1c373): updated
[125/500] #125 Beastie Boys - Paul's Boutique (c4944da6-84d6-498a-9aaa-94687305c8c2): updated
[126/500] #126 Mary J. Blige - My Life (83dc4d86-f07e-468d-b925-42604d5a3995): updated
[127/500] #127 Ray Charles - Modern Sounds in Country and Western Music (37c10772-8ae9-49a9-8b6d-2b53338917ae): updated
[128/500] #128 Queen - A Night at the Opera (492511c2-bc58-4f0c-ba73-7de3befc9710): updated
[129/500] #129 Pink Floyd - The Wall (14db3839-4007-3b46-9e7c-619f37ac19a4): updated
[130/500] #130 Prince - 1999 (d196f192-9a05-4289-bee3-704307c41f90): updated
[131/500] #131 Portishead - Dummy (76df3287-6cda-33eb-8e9a-044b5e15ffdd): updated
[132/500] #132 Hank Williams - 40 Greatest Hits (42a688de-3c8e-438f-acc7-a241ca26acb5): updated
[133/500] #133 Joni Mitchell - Hejira (866d4044-7a79-40ff-ba3c-a25dbc42317f): updated
[134/500] #134 Fugees - The Score (13027e7b-340c-4478-8dda-df5fa4af3564): updated
[135/500] #135 U2 - The Joshua Tree (15b8b95b-2ca0-4923-ae6b-c597864b3e3e): updated
[136/500] #136 Funkadelic - Maggot Brain (f17855ba-2027-44c0-8a7d-bcdea711d716): updated
[137/500] #137 Adele - 21 (768bc7f7-6b91-4b57-8a7b-1508636719e6): updated
[138/500] #138 Madonna - The Immaculate Collection (b9d8ef7e-08be-435e-825c-925293f4f41d): updated
[139/500] #139 Black Sabbath - Paranoid (3537864f-8912-45f6-bc6c-c1fc9b3aa9ec): updated
[140/500] #140 Bob Marley and the Wailers - Catch a Fire (a247aca8-f226-437a-871b-3815c56f227d): updated
[141/500] #141 Pixies - Doolittle (bdd0e35c-ce68-3f5b-b957-f83ab5846111): updated
[142/500] #142 Bruce Springsteen - Born in the U.S.A. (5e9b3d61-49a4-4f5e-95ad-025f771be099): updated
[143/500] #143 The Velvet Underground - The Velvet Underground (fa20fff8-98c0-41a0-a60f-9c7cbafeb876): updated
[144/500] #144 Led Zeppelin - Physical Graffiti (e3f0f405-d50f-45a4-ba71-795e7333fb56): updated
[145/500] #145 Eminem - The Marshall Mathers LP (8d2661e7-fd4a-3ea6-b4d1-0bc720115744): updated
[146/500] #146 Blondie - Parallel Lines (5388f17b-d0b9-4c82-99d5-7702d4befb6a): updated
[147/500] #147 Jeff Buckley - Grace (e0d7cd0f-137c-41be-abc8-bec8c82912e0): updated
[148/500] #148 Frank Ocean - Channel Orange (a93dbb10-9c28-4900-8372-062bd810b4b9): updated
[149/500] #149 John Prine - John Prine (2b115165-6200-4a7f-9c78-f03b53d42b80): updated
[150/500] #150 Bruce Springsteen - Nebraska (093c881d-0c72-4e7d-b6da-16b2e51f2b64): updated
[151/500] #151 George Michael - Faith (f23d63f6-1ba5-4e9a-ab3b-735cd3b5c3d1): updated
[152/500] #152 The Pretenders - Pretenders (ab10c1be-286e-45ad-81ba-f635b3258870): updated
[153/500] #153 PJ Harvey - Rid of Me (1c0e9b1b-7f80-4601-8776-546953ae9cf2): updated
[154/500] #154 Aretha Franklin - Amazing Grace (9407256c-6c05-4720-9fbe-d6d9e6a10640): updated
[155/500] #155 Jay-Z - The Black Album (2144dd2c-fe35-4dff-8afa-38213e73a5e9): updated
[156/500] #156 The Replacements - Let It Be (ce39c6c2-0829-3ce6-8378-199345285912): updated
[157/500] #157 Oasis - (What's the Story) Morning Glory? (ed286309-6e64-48e3-835b-61aaf86cdb86): updated
[158/500] #158 Erykah Badu - Mama's Gun (8f46f199-851b-4cbe-8432-bbc30bba93b7): updated
[159/500] #159 The Police - Synchronicity (53a7e6d5-077f-31a1-bd4d-9c4081dbd8f4): updated
[160/500] #160 Pearl Jam - Ten (4816047b-5a40-462a-81e7-2f6eb6687fda): updated
[161/500] #161 Crosby, Stills & Nash - Crosby, Stills & Nash (bd35ca34-f80e-4d26-82f5-155ac4b3e6f7): updated
[162/500] #162 Pulp - Different Class (c65de253-52cf-4e9e-b48e-2042dbbbecdf): updated
[163/500] #163 Various artists - Saturday Night Fever (8a6fe3d9-e1c7-47ce-b311-070b2d3af1bf): updated
[164/500] #164 Johnny Cash - At Folsom Prison (89efce77-e3a9-4a7d-8be7-0eadfbdfa28e): updated
[165/500] #165 R.E.M. - Murmur (2a880c98-e963-363e-857c-8f8c5a963eb9): updated
[166/500] #166 Buddy Holly - 20 Golden Greats (06e837a6-ab33-4f96-aaf3-72a4ecabfe10): updated
[167/500] #167 Depeche Mode - Violator (5454efa9-445a-4b73-8d16-e9fdbf022119): updated
[168/500] #168 Steely Dan - Can't Buy a Thrill (91975b77-c9f2-46d1-a03b-f1fffbda1d1c): updated
[169/500] #169 Billy Joel - The Stranger (ba99182d-1ec8-475b-9d55-d67b5d278397): updated
[170/500] #170 Taylor Swift - Folklore (0ca6db69-0719-4a00-99be-f87ef1cff6cb): updated
[171/500] #171 Sonic Youth - Daydream Nation (2116c519-403d-4aa7-bc44-6fbb738a31df): updated
[172/500] #172 Simon & Garfunkel - Bridge over Troubled Water (036cf7d0-bca5-4be2-9ce9-8d263485a393): updated
[173/500] #173 Nirvana - In Utero (9402f68c-bc93-4278-8515-01d06fda1b39): updated
[174/500] #174 Various artists - The Harder They Come (9ad807ae-7330-428c-bd2e-db79445bc6c9): updated
[175/500] #175 Kendrick Lamar - Damn (81ad6e82-8e70-4805-8866-42e246c6f68c): updated
[176/500] #176 Public Enemy - Fear of a Black Planet (b1ec7150-bfd2-4dc2-b7c3-8a82826acc29): updated
[177/500] #177 Rod Stewart - Every Picture Tells a Story (ce3ba3f1-6d9c-4b0c-af7a-0c3f7553ed35): updated
[178/500] #178 Otis Redding - Otis Blue/Otis Redding Sings Soul (193c2998-cd3c-4981-93e3-203c07c8618b): updated
[179/500] #179 The Notorious B.I.G. - Life After Death (03aa0355-70d2-4032-9985-f9a040978520): updated
[180/500] #180 Love - Forever Changes (559bdfab-5744-4986-812a-52de4678dd60): updated
[181/500] #181 Bob Dylan - Bringing It All Back Home (68efe6b6-2abf-4250-a403-5b710217c831): updated
[182/500] #182 James Taylor - Sweet Baby James (ca12d8ee-ef90-47a2-8823-a1bc45fc258b): updated
[183/500] #183 D'Angelo - Brown Sugar (ccb3cdcb-87e5-4498-8fef-8e143bf41b75): updated
[184/500] #184 Cyndi Lauper - She's So Unusual (248f7103-6555-4844-8d3f-2a5e17738120): updated
[185/500] #185 The Rolling Stones - Beggars Banquet (8c6227b9-7b73-4379-be86-df22d7e0406c): updated
[186/500] #186 Red Hot Chili Peppers - Blood Sugar Sex Magik (8b69a5f2-d3de-4df0-ae61-54b2227862c8): updated
[187/500] #187 Ice Cube - AmeriKKKa's Most Wanted (9e749782-b390-47be-b2df-8cc32eef89e7): updated
[188/500] #188 T. Rex - Electric Warrior (2e778d53-5187-4d53-9ec9-2fb8ae1a85c8): updated
[189/500] #189 Sleater-Kinney - Dig Me Out (d3bca172-fa17-4f55-8011-0a2851e59d19): updated
[190/500] #190 The Who - Tommy (fceaca05-a210-4f92-9e88-1e8b44ec8e37): updated
[191/500] #191 Etta James - At Last! (bdab1a94-a142-4cc1-bf0f-23ab49471e50): updated
[192/500] #192 Beastie Boys - Licensed to Ill (93f3b653-91d6-330d-83e4-a919e84d6378): updated
[193/500] #193 Creedence Clearwater Revival - Willy and the Poor Boys (8283a0d4-cdbc-4e6c-9f50-03c74235afb2): updated
[194/500] #194 Michael Jackson - Bad (bcf7537d-6b5d-4987-b022-074215f3f9fa): updated
[195/500] #195 Leonard Cohen - Songs of Leonard Cohen (256312e7-0377-47e0-b2e6-df2c6e0cd2e8): updated
[196/500] #196 Robyn - Body Talk (afebe204-c664-474e-8bbc-4a4f49a7025c): updated
[197/500] #197 The Beatles - Meet the Beatles! (d1aa46e4-414b-4488-a506-cfd72eae29d9): updated
[198/500] #198 The B-52's - The B-52's (ffe29dd7-a6cc-42eb-a7f1-f72ceb206357): updated
[199/500] #199 Pavement - Slanted and Enchanted (547b6b75-d81d-4d9e-a3a5-c2115224edaf): updated
[200/500] #200 Sade - Diamond Life (98063a3f-563e-3b9e-be19-af33da0fef52): updated
[201/500] #201 A Tribe Called Quest - Midnight Marauders (a4a76ede-a544-45c2-b218-2f8243a2eb16): updated
[202/500] #202 Björk - Homogenic (cfbb2f15-835b-4bee-abc1-df30d7e3a381): updated
[203/500] #203 Nick Drake - Pink Moon (c356465b-656b-4081-b474-dda0d08018a5): updated
[204/500] #204 Kanye West - Graduation (06a81817-093d-40f0-aef2-90673fa550ae): updated
[205/500] #205 Cat Stevens - Tea for the Tillerman (546f9ef0-a5c4-4e67-96c5-46a9d366b5a4): updated
[206/500] #206 David Bowie - Low (3669ceae-11bf-49ef-b8f2-b5724d24a6f9): updated
[207/500] #207 Eagles - Eagles (150e50b2-570b-456a-baf4-0da3437d19bd): updated
[208/500] #208 Lil Wayne - Tha Carter III (314f763c-f347-4fc3-a91f-e52a1884510c): updated
[209/500] #209 Run-DMC - Raising Hell (70266b79-66da-4a8d-9949-7332b8b755ba): updated
[210/500] #210 Ray Charles - The Birth of Soul (10751024-6530-4dc5-be0c-6d37bca3aefc): updated
[211/500] #211 Joy Division - Unknown Pleasures (8a49a6c0-f5ef-3647-bf78-fa360bd3d6fb): updated
[212/500] #212 Nina Simone - Wild Is the Wind (2492d3a0-620e-48e1-aa5c-396457a41718): updated
[213/500] #213 Fiona Apple - The Idler Wheel... (04c72095-a6af-41f7-a18a-a1dd7e305620): updated
[214/500] #214 Tom Petty - Wildflowers (6a87e042-f9d6-437d-a218-263aceaa209b): updated
[215/500] #215 Grateful Dead - American Beauty (193be930-94f7-340a-9131-70185d22d238): updated
[216/500] #216 Elliott Smith - Either/Or (64cd2409-05ce-3837-b703-8a1f557a5b1f): updated
[217/500] #217 Oasis - Definitely Maybe (e127edf6-96b9-4287-acfa-82dca1783956): updated
[218/500] #218 TLC - CrazySexyCool (821cfaab-a24e-4274-80d5-4b7eb96734f0): updated
[219/500] #219 Raekwon - Only Built 4 Cuban Linx... (876f4c16-f0e1-40db-8586-87884d49b70d): updated
[220/500] #220 Crosby, Stills, Nash & Young - Déjà Vu (402352dc-85ff-4b51-a3de-09efbad9a7d3): updated
[221/500] #221 Rage Against the Machine - Rage Against the Machine (ae4bffef-3f21-4930-8c10-9adf5ca8ceeb): updated
[222/500] #222 Madonna - Ray of Light (08dcbc7b-2cd6-3155-bd02-631124dfa493): updated
[223/500] #223 John Lennon - Imagine (f237e6a0-4b0e-4722-8172-66f4930198bc): updated
[224/500] #224 Dixie Chicks - Fly (c464169f-eec9-3406-9690-5e5667ec091d): updated
[225/500] #225 Wilco - Yankee Hotel Foxtrot (667f92d8-2ea5-49fd-914b-54f955622ea9): updated
[226/500] #226 Derek and the Dominos - Layla and Other Assorted Love Songs (72a5da28-994d-4616-a178-93411e74ba24): updated
[227/500] #227 Little Richard - Here's Little Richard (492475e3-a815-476d-b97b-1e64305c9821): updated
[228/500] #228 De La Soul - De La Soul Is Dead (2fa48352-7734-4829-a8be-db1139e948cf): updated
[229/500] #229 Patsy Cline - The Ultimate Collection (b67a26d6-28f2-4651-bec4-5310b0b0f7ef): updated
[230/500] #230 Rihanna - Anti (375a06fe-2bec-46b2-8ccc-6240d8cf83b1): updated
[231/500] #231 Tom Petty and the Heartbreakers - Damn the Torpedoes (ba0a85e0-a55e-3c83-a2ea-01001856be69): updated
[232/500] #232 John Coltrane - Giant Steps (22689758-ffc1-450f-bb48-52b577077dba): updated
[233/500] #233 Tori Amos - Little Earthquakes (d8074ae7-e163-4e20-b711-40b759198dfd): updated
[234/500] #234 Black Sabbath - Master of Reality (ad6c6b58-23bd-471d-bafa-bf0e2b3f2636): updated
[235/500] #235 Metallica - Metallica (d87a6b90-7a9e-4ca1-a170-194bf443e2e9): updated
[236/500] #236 Daft Punk - Discovery (bd3bb36e-16c8-438f-850e-dfbf4d1478f0): updated
[237/500] #237 Willie Nelson - Red Headed Stranger (d9812a80-e57b-4028-8df2-05d0e5d5a1dd): updated
[238/500] #238 Kraftwerk - Trans-Europe Express (8327a929-e283-4307-8219-50a9166ef335): updated
[239/500] #239 Boogie Down Productions - Criminal Minded (f91244bf-8b14-4548-be56-60f32640f14d): updated
[240/500] #240 Sam Cooke - Live at the Harlem Square Club, 1963 (89995145-7157-48ca-89f4-03653b607b78): updated
[241/500] #241 Massive Attack - Blue Lines (3a25785e-50ec-383c-89cf-fd512181449c): updated
[242/500] #242 The Velvet Underground - Loaded (3645588f-cdcf-4746-97ac-da059d332010): updated
[243/500] #243 The Zombies - Odessey and Oracle (890a5412-c8b9-4926-a334-7d1765fd61a4): updated
[244/500] #244 Kanye West - 808s & Heartbreak (9aa582ac-dbe3-426d-9ae3-4dab71591274): updated
[245/500] #245 Cocteau Twins - Heaven or Las Vegas (f96df5d2-4ef9-3ef4-a4be-c743802b6f1e): updated
[246/500] #246 LL Cool J - Mama Said Knock You Out (071dcca8-0b8b-4176-ba42-c2a465bfd7e7): updated
[247/500] #247 Sade - Love Deluxe (49c1eeeb-919f-33d2-b72d-71b3fa5572cf): updated
[248/500] #248 Green Day - American Idiot (52ca809f-3f45-3e35-87cf-27b46250d216): updated
[249/500] #249 Whitney Houston - Whitney Houston (3811a110-cce0-4ddd-b52f-e12c50190783): updated
[250/500] #250 Buzzcocks - Singles Going Steady (ca8f6aef-0707-4093-8536-be86988fcb4a): updated
[251/500] #251 Elton John - Honky Château (14aa2655-42b1-31f7-9e82-a567fba17953): updated
[252/500] #252 Devo - Q: Are We Not Men? A: We Are Devo! (ac5e2d19-f8f2-43a0-8830-170f2e09677d): updated
[253/500] #253 Pink Floyd - The Piper at the Gates of Dawn (6c7cdad8-4daf-3248-b6c1-ea896c2e568e): updated
[254/500] #254 Herbie Hancock - Head Hunters (267a7c89-3624-4b7a-b7a2-aefc2bdc5e89): updated
[255/500] #255 Bob Dylan - The Freewheelin' Bob Dylan (942be4b0-12a2-4264-93a3-b45fa94c95c0): updated
[256/500] #256 Tracy Chapman - Tracy Chapman (b0760dd1-8667-4b8d-b8e4-8385b21239bb): updated
[257/500] #257 Dolly Parton - Coat of Many Colors (5df74932-a94b-4a20-b177-92ff4d3b47c3): updated
[258/500] #258 Joni Mitchell - The Hissing of Summer Lawns (9fc9f85d-fe8d-49f5-8199-27ffb4f0991b): updated
[259/500] #259 Janis Joplin - Pearl (72771116-bbfe-494f-ba38-68a6c9de0d95): updated
[260/500] #260 The Slits - Cut (826dea98-e427-351e-a692-adc00a74f5a0): updated
[261/500] #261 Beastie Boys - Check Your Head (8df53a98-da10-4084-a5af-b9b3b64bcb33): updated
[262/500] #262 New Order - Power, Corruption & Lies (2cc43c63-46ca-48ae-aeed-74bb06034657): updated
[263/500] #263 The Beatles - A Hard Day's Night (f0423e6b-2886-4e90-a60c-10f400b3f672): updated
[264/500] #264 Pink Floyd - Wish You Were Here (f4a8aa35-da90-33d8-9307-c630d38a2bed): updated
[265/500] #265 Pavement - Wowee Zowee (d919f8f0-1d66-3e03-a71f-2f1a7e9a3ebc): updated
[266/500] #266 The Beatles - Help! (40825ca0-0568-3de0-bbe7-d5e07ed9a191): updated
[267/500] #267 Minutemen - Double Nickels on the Dime (e7e28af9-2f2e-46c9-a08f-5e6215054a5e): updated
[268/500] #268 Randy Newman - Sail Away (15292168-5be4-4791-8919-03b8017e9b8b): updated
[269/500] #269 Kanye West - Yeezus (5b78aa6b-67be-43b5-8f56-a89116e48087): updated
[270/500] #270 Kacey Musgraves - Golden Hour (e6ad655a-d3f2-4f36-aad3-5463ee8eed59): updated
[271/500] #271 Mary J. Blige - What's the 411? (40f23475-714b-4346-8860-2e4134a2e43c): updated
[272/500] #272 The Velvet Underground - White Light/White Heat (9ddfcd96-9c88-4525-8451-84d702e691d6): updated
[273/500] #273 Gang of Four - Entertainment! (844c0de9-d040-492b-af05-6ae2f8f6bcf5): updated
[274/500] #274 The Byrds - Sweetheart of the Rodeo (0df94bc4-2e8b-4b91-961b-f1cdae1e3a86): updated
[275/500] #275 Curtis Mayfield - Curtis (34bf0064-0b15-4759-9964-d177c58fc7d8): updated
[276/500] #276 Radiohead - The Bends (c50176ce-676c-4f30-a168-b333cfe1ed82): updated
[277/500] #277 Alicia Keys - The Diary of Alicia Keys (a21010bf-3193-4820-b00b-6b016999df86): updated
[278/500] #278 Led Zeppelin - Houses of the Holy (9be882ef-ebdb-49be-a5cb-5e0021c05e37): updated
[279/500] #279 Nirvana - MTV Unplugged in New York (f4469159-1395-40b5-81e6-a507e2ad34ef): updated
[280/500] #280 50 Cent - Get Rich or Die Tryin' (3914ae8e-3b64-3a5b-bc37-9ff5dddf367d): updated
[281/500] #281 Harry Nilsson - Nilsson Schmilsson (9be5bdcb-692b-4d7e-8d16-6d5741539ade): updated
[282/500] #282 Frank Sinatra - In the Wee Small Hours (881f621c-618c-48da-80a8-50380996fe15): updated
[283/500] #283 Donna Summer - Bad Girls (a855cd93-c192-4c42-96e3-14d2fdf9aa2b): updated
[284/500] #284 Merle Haggard - Down Every Road 1962–1994 (3a5b55b8-a588-4d7e-b84c-43739e24685e): updated
[285/500] #285 Big Star - Third/Sister Lovers (1e33bfe8-0eaf-4b27-a689-0142b324006e): updated
[286/500] #286 Red Hot Chili Peppers - Californication (3d937f76-7149-472d-a910-55c2f1eba6bc): updated
[287/500] #287 The Byrds - Mr. Tambourine Man (192044cc-5ca6-4bea-a94e-aaa4861e92ee): updated
[288/500] #288 The Modern Lovers - The Modern Lovers (4071d957-1ac3-3f35-9437-c06d364ea8a3): updated
[289/500] #289 Björk - Post (d3ac571b-55ae-344e-aee9-f65c2e91ecef): updated
[290/500] #290 Outkast - Speakerboxxx/The Love Below (50c273d5-2f92-340a-adc2-178d5adaab63): updated
[291/500] #291 Destiny's Child - The Writing's on the Wall (9eb29df0-8ea8-4278-98cd-7ac2479fdfd3): updated
[292/500] #292 Van Halen - Van Halen (42e47930-3707-347c-9f1a-0e04e0bc5355): updated
[293/500] #293 The Breeders - Last Splash (57cda1d0-3dab-490d-b5b2-1caa70b641d2): updated
[294/500] #294 Weezer - Weezer (b97e25b5-fb33-4145-95a1-8fec444283ee): updated
[295/500] #295 Daft Punk - Random Access Memories (bbfc83ad-826f-4957-893d-a808105c828b): updated
[296/500] #296 Neil Young and Crazy Horse - Rust Never Sleeps (c5b00a6e-48e0-4eb3-b3c7-93a532f97554): updated
[297/500] #297 Peter Gabriel - So (e1416702-1b99-4dc5-a424-c154ab87d517): updated
[298/500] #298 Tom Petty - Full Moon Fever (d37bb9e5-c696-3591-af7a-3ee1c9a26886): updated
[299/500] #299 B.B. King - Live at the Regal (4c884d96-8e0e-34cf-8f75-b6db47687d5f): updated
[300/500] #300 Shania Twain - Come On Over (b3defcfe-0c3c-4a44-a9c1-54ea4bcb2fcf): updated
[301/500] #301 New York Dolls - New York Dolls (07259559-743c-4f92-8eb3-205287ef1c90): updated
[302/500] #302 Neil Young - Tonight's the Night (a75df175-7a8b-4b88-b04e-47cf44e9c17d): updated
[303/500] #303 ABBA - The Definitive Collection (7594668c-4c43-491e-b0a7-2ef7e6f34b71): updated
[304/500] #304 Bill Withers - Just as I Am (7e0f7789-8410-44ba-8100-78dafcb8e158): updated
[305/500] #305 Kiss - Alive! (1e2a1278-2ee6-47ce-b12c-9278ad053339): updated
[306/500] #306 Al Green - I'm Still in Love with You (4c95ac93-1334-47d7-9f21-1fcdf67d17d3): updated
[307/500] #307 Sam Cooke - Portrait of a Legend: 1951–1964 (adf924e8-8a2d-4e16-bf56-ebffd5bec3b5): updated
[308/500] #308 Brian Eno - Here Come the Warm Jets (46a2f184-ef38-4025-a6e8-c0507f790d90): updated
[309/500] #309 Joy Division - Closer (4fbcc7d9-5c59-4283-9181-d92dd391924c): updated
[310/500] #310 Wire - Pink Flag (80d0a4c9-ce91-4a15-bf15-1bb9913b814c): updated
[311/500] #311 Neil Young - On the Beach (39fe3778-362c-4762-89fc-c03235fd8117): updated
[312/500] #312 Solange Knowles - A Seat at the Table (3e3c90cd-0c0c-4beb-8f7b-b95a076c89eb): updated
[313/500] #313 PJ Harvey - Stories from the City, Stories from the Sea (f80eea39-8a33-41ba-aa63-a4179cc19156): updated
[314/500] #314 Aaliyah - One in a Million (caf135a8-6851-484f-9e32-2c530cf4dc82): updated
[315/500] #315 Rosalía - El Mal Querer (ce7591dd-625d-4697-90f1-57245b08e206): updated
[316/500] #316 The Who - The Who Sell Out (c0a8c48f-130f-42af-be0d-6afc04593a23): updated
[317/500] #317 Billie Holiday - Lady in Satin (fdc3857e-9f85-4e78-88ed-039732843ede): updated
[318/500] #318 Janet Jackson - The Velvet Rope (a829bf1a-9863-3489-a208-407f3f7df6d8): updated
[319/500] #319 The Stone Roses - The Stone Roses (595d4a7d-452a-49e8-82d6-a39b2d189b2d): updated
[320/500] #320 X - Los Angeles (73d349fe-30a2-4965-91b8-24ad7ddcbb7e): updated
[321/500] #321 Lana Del Rey - Norman Fucking Rockwell! (a65dd03d-a7d7-4708-aa43-ef6b0dde77e2): updated
[322/500] #322 Elvis Presley - From Elvis in Memphis (7393dc7e-0123-4d83-9b61-582c4dfa8a30): updated
[323/500] #323 The Clash - Sandinista! (f1f9698f-c86a-470d-86a7-a5ec0c9e3cb6): updated
[324/500] #324 Coldplay - A Rush of Blood to the Head (64c5a490-dbbd-3887-a489-d95ab8ba4dc9): updated
[325/500] #325 Jerry Lee Lewis - All Killer, No Filler: The Anthology (dfc3022d-0469-4b70-abb8-3b8199efb52c): updated
[326/500] #326 Prince - Dirty Mind (f85777b9-b4a4-4bcb-8f4a-626dc77aae24): updated
[327/500] #327 The Who - Live at Leeds (3109f245-c0a0-4bd1-947a-8988b120a564): updated
[328/500] #328 Vampire Weekend - Modern Vampires of the City (4283db24-4ab4-4f24-91c6-57e7ac343ea2): updated
[329/500] #329 DJ Shadow - Endtroducing..... (76bd6217-5f4a-4402-ab0d-9e859b2efdb6): updated
[330/500] #330 The Rolling Stones - Aftermath (ac452eb8-b63c-43ba-b389-e8762bf1de83): updated
[331/500] #331 Madonna - Like a Prayer (e6b63846-143e-48a0-b6d8-2f3252e1424b): updated
[332/500] #332 Elvis Presley - Elvis Presley (14fe4456-ae4a-4863-92a8-8a76edadc9ce): updated
[333/500] #333 Bill Withers - Still Bill (de3fc9ac-4f6b-42a4-bbe6-f06b9ba7411c): updated
[334/500] #334 Santana - Abraxas (31f149bc-b826-423b-9c2a-3c10aac3836a): updated
[335/500] #335 Bob Dylan and the Band - The Basement Tapes (3eaf71ed-853f-4f68-9623-b6f0a64ecf40): updated
[336/500] #336 Roxy Music - Avalon (090700a7-0ec5-41bb-b970-52e6aa47b755): updated
[337/500] #337 Bob Dylan - John Wesley Harding (8e7e12b2-46ff-4e6b-8384-2ce538d90dcc): updated
[338/500] #338 Brian Eno - Another Green World (ae71c892-ecb6-4834-b520-6c88351e3b6c): updated
[339/500] #339 Janet Jackson - Janet Jackson's Rhythm Nation 1814 (03f47647-35d3-3a64-832b-ff9846a154af): updated
[340/500] #340 Snoop Doggy Dogg - Doggystyle (b9b3c63b-4764-4c25-aff7-7007395420ec): updated
[341/500] #341 The Smashing Pumpkins - Siamese Dream (33593826-03ef-3393-a905-ccde90824301): updated
[342/500] #342 The Beatles - Let It Be (5dd15484-b41a-4749-a901-8027c3283169): updated
[343/500] #343 Sly and the Family Stone - Greatest Hits (3f5ef113-ed23-33f3-bd6d-14ee75e15b1b): updated
[344/500] #344 Toots and the Maytals - Funky Kingston (00b2740b-1261-4f48-b663-1e9a2295a950): updated
[345/500] #345 Bruce Springsteen - The Wild, the Innocent & the E Street Shuffle (5b0c80bc-e570-4bb3-a9cb-ccec2bbd7255): updated
[346/500] #346 Arctic Monkeys - AM (55171afe-440e-4c63-947c-e49074f3d5b5): updated
[347/500] #347 GZA - Liquid Swords (62fff24a-b6e6-4c85-9c8a-98fc2169b6d9): updated
[348/500] #348 Gillian Welch - Time (The Revelator) (917a723a-9449-4517-83be-1bc8a56ae64b): updated
[349/500] #349 MC5 - Kick Out the Jams (5a1b5b26-0f31-4566-bed4-0ca8ed987366): updated
[350/500] #350 Stevie Wonder - Music of My Mind (54d0d4ee-1b1b-464c-8bbe-dd4417acf276): updated
[351/500] #351 SZA - SOS (b82458a3-7d3a-495f-861f-8698731c4dd0): updated
[352/500] #352 Eminem - The Slim Shady LP (7b4d84ae-1c36-4a34-a7b4-c1d41899c0d1): updated
[353/500] #353 The Cars - The Cars (a47b6ee6-266e-44d8-9a26-251107eae25a): updated
[354/500] #354 X-Ray Spex - Germfree Adolescents (d9c0f4c7-add9-4c59-86bb-3a9ae336350d): updated
[355/500] #355 Black Sabbath - Black Sabbath (7bf3d510-5c38-406b-a63e-d0373d35bf8f): updated
[356/500] #356 Dr. John - Gris-Gris (22b80055-83d9-46a1-a441-4b0757628cf6): updated
[357/500] #357 Tom Waits - Rain Dogs (b9adb8c5-f482-36a5-bb00-6566c37f5af8): updated
[358/500] #358 Olivia Rodrigo - Sour (f82ab78b-9082-415c-8404-3a32225acec4): updated
[359/500] #359 Big Star - Radio City (6de1358e-368b-4448-861f-8082a521c74c): updated
[360/500] #360 Funkadelic - One Nation Under a Groove (24c33736-a024-4ecc-9db6-b1abef8a680a): updated
[361/500] #361 My Chemical Romance - The Black Parade (d09de1f8-0ad8-37cc-ac71-342890279916): updated
[362/500] #362 Luther Vandross - Never Too Much (ae4656ed-7fbe-4ba9-a44f-ddb439e19be3): updated
[363/500] #363 Parliament - Mothership Connection (84bd98a9-017d-30eb-b557-d075957d802f): updated
[364/500] #364 Talking Heads - More Songs About Buildings and Food (66c399b8-e67f-4031-82d5-fec6251fc6b0): updated
[365/500] #365 Madvillain - Madvillainy (a63ffa0d-d6f0-4941-9659-8e199ca14a60): updated
[366/500] #366 Aerosmith - Rocks (6d4956da-5489-4371-8a87-62ff3b2c985b): updated
[367/500] #367 Drake - If You're Reading This It's Too Late (6544941b-2dd8-4e01-87ab-a643289896fc): updated
[368/500] #368 George Harrison - All Things Must Pass (07d51bc7-64c9-3fba-b6fc-0695f6e8d6a4): updated
[369/500] #369 Mobb Deep - The Infamous (fc6ef0f1-5dc9-4b30-bdad-22cb9db92220): updated
[370/500] #370 Lil Wayne - Tha Carter II (cdd4ba80-b911-4942-916f-b984dac07f16): updated
[371/500] #371 The Temptations - Anthology (6050064d-0f82-4635-a01f-30b60d0afddd): updated
[372/500] #372 Big Brother and the Holding Company - Cheap Thrills (04c0cf55-541f-4565-820c-439be5cc9178): updated
[373/500] #373 Isaac Hayes - Hot Buttered Soul (6b7fb2e0-98c1-4aea-8b1b-5b121ab579c9): updated
[374/500] #374 Robert Johnson - King of the Delta Blues Singers (fd4b02c2-a8dc-4bae-8d41-3953c5e9ae45): updated
[375/500] #375 Green Day - Dookie (20fef8d3-72b5-369a-9712-ad0b1ee6d226): updated
[376/500] #376 Neutral Milk Hotel - In the Aeroplane Over the Sea (318eb89c-49e6-392b-ac28-708b08f89586): updated
[377/500] #377 Yeah Yeah Yeahs - Fever to Tell (ce74eeee-8e30-34db-addd-5ea135500e2e): updated
[378/500] #378 Run-DMC - Run-D.M.C. (e8bb591d-d71d-47a7-963c-93fbd4871500): updated
[379/500] #379 Rush - Moving Pictures (fecf8eef-cbb6-49b3-bc7d-b2912766cacc): updated
[380/500] #380 Charles Mingus - Mingus Ah Um (96c5cc73-798b-49d8-9708-51fcaf81931a): updated
[381/500] #381 Lynyrd Skynyrd - (Pronounced 'Lĕh-'nérd 'Skin-'nérd) (22bae503-7d8a-4be3-89be-23316ef07a1b): updated
[382/500] #382 Tame Impala - Currents (6438e9ba-41ad-478c-81f1-323dcb212903): updated
[383/500] #383 Massive Attack - Mezzanine (2fa63133-a4c9-3f41-8deb-162189de83ff): updated
[384/500] #384 The Kinks - The Kinks Are the Village Green Preservation Society (3ac5baaf-fcaa-3de1-8a68-e1406d951a88): updated
[385/500] #385 Ramones - Rocket to Russia (dd7b900f-d365-408b-bb05-9a91b9cd89b7): updated
[386/500] #386 J Dilla - Donuts (e3655e9f-3db1-434d-bb4b-3529d09b2989): updated
[387/500] #387 Radiohead - In Rainbows (ea92a194-2d60-35c7-9d56-0e1dba20cd45): updated
[388/500] #388 Aretha Franklin - Young, Gifted and Black (b95151ff-e3e8-4eff-8708-079e782d3498): updated
[389/500] #389 Mariah Carey - The Emancipation of Mimi (93746222-c422-4bcc-b636-42d04370fa9f): updated
[390/500] #390 Pixies - Surfer Rosa (9aebe9d4-18ac-4a43-9b00-19e2003aa076): updated
[391/500] #391 Kelis - Kaleidoscope (e1b8c1c5-5fc5-43ca-95b9-bb7152fce99e): updated
[392/500] #392 Ike & Tina Turner - Proud Mary: The Best of Ike & Tina Turner (4ace427c-3e98-4216-b22a-a43f90418f42): updated
[393/500] #393 Taylor Swift - 1989 (e3f0984a-4036-4cd7-8c8c-0217b87c577a): updated
[394/500] #394 Diana Ross - Diana (fd8c49a8-58c6-49e2-ad4a-1cf2a696a239): updated
[395/500] #395 D'Angelo and the Vanguard - Black Messiah (daa89cce-3e72-4e6a-a4dc-0337dee8f9cf): updated
[396/500] #396 Todd Rundgren - Something/Anything? (552dcfcd-91ca-440b-9b58-a9618dd88dd0): updated
[397/500] #397 Billie Eilish - When We All Fall Asleep, Where Do We Go? (c784f470-f998-4806-b9b7-36b54c2d0003): updated
[398/500] #398 The Raincoats - The Raincoats (90e71188-380e-4bc2-9031-3ec22c03e133): updated
[399/500] #399 Brian Wilson - Brian Wilson Presents Smile (e28dd80b-834a-4fb6-bb39-ffbe023b2fb8): updated
[400/500] #400 The Go-Go's - Beauty and the Beat (937e786e-4e74-3079-8a83-5a9cb0908807): updated
[401/500] #401 Blondie - Blondie (ab9033d5-01e5-48d5-bd03-4afb15f0a685): updated
[402/500] #402 Fela Kuti and Africa '70 - Expensive Shit (4a989690-ab64-429e-96e9-92dd8dd9657e): updated
[403/500] #403 Ghostface Killah - Supreme Clientele (55c57300-5bc4-4dec-85a3-7d8698c9bc90): updated
[404/500] #404 Anita Baker - Rapture (90f3f3b9-8492-3f66-a660-cdbc5fc4d4ad): updated
[405/500] #405 Various artists - Nuggets: Original Artyfacts from the First Psychedelic Era, 1965–1968 (4f970f09-69ed-47bd-85e6-daf19347f17a): updated
[406/500] #406 The Magnetic Fields - 69 Love Songs (3404f020-f022-4afa-bc03-d1a11f30fd2d): updated
[407/500] #407 Neil Young - Everybody Knows This Is Nowhere (41cbba2c-4e25-468d-8d8f-8a584d7fd701): updated
[408/500] #408 Motörhead - Ace of Spades (d66f7807-27bc-41d5-8930-55e02994d567): updated
[409/500] #409 Grateful Dead - Workingman's Dead (2bdc410a-b726-4e1d-ba48-61aa55bfd7ed): updated
[410/500] #410 The Beach Boys - Wild Honey (a1f4d5f1-a8c7-4e81-b98d-1e98accf63e3): updated
[411/500] #411 Bob Dylan - Love and Theft (47aca000-014b-3c10-91e2-d420cceca249): updated
[412/500] #412 Smokey Robinson - Going to a Go-Go (5245862c-b985-4c9f-9126-0e76d7e4bad5): updated
[413/500] #413 Creedence Clearwater Revival - Cosmo's Factory (067c3d38-1f5c-4596-baf3-e494a4342d1f): updated
[414/500] #414 Chic - Risqué (e7f2c9bb-d26d-4afe-9ac3-54ed8772196d): updated
[415/500] #415 The Meters - Look-Ka Py Py (7415ea1b-6c48-4720-8bce-87a9a0719cb1): updated
[416/500] #416 The Roots - Things Fall Apart (45b0cfa6-826c-4736-9c74-f0b73ec14bc7): updated
[417/500] #417 Ornette Coleman - The Shape of Jazz to Come (59105e60-a6f7-4a86-aaab-2c4f02ddb4f8): updated
[418/500] #418 Dire Straits - Brothers in Arms (999528b0-c3d3-4306-bb23-9891e60ea1f1): updated
[419/500] #419 Eric Church - Chief (77aa35da-a3df-4f1f-92fd-83a26ce5ea78): updated
[420/500] #420 Earth, Wind & Fire - That's the Way of the World (0610cfdc-f25f-41d0-9f15-9e12745fe8e6): updated
[421/500] #421 M.I.A. - Arular (c3d10658-391c-4444-baf5-e26492068f96): updated
[422/500] #422 Marvin Gaye - Let's Get It On (616b080e-ed3f-4ea5-bcaf-c9ee4aa9cc06): updated
[423/500] #423 Yo La Tengo - I Can Hear the Heart Beating as One (dc5ee2df-7e5b-4a43-b67b-b9551e65c361): updated
[424/500] #424 Beck - Odelay (804b7f78-0bbc-3479-887a-ab28390357d4): updated
[425/500] #425 Paul Simon - Paul Simon (98525987-1acb-4a44-898e-fb44fa17a2ba): updated
[426/500] #426 Lucinda Williams - Lucinda Williams (9996d6ce-fca9-48bc-8457-499dd30793ad): updated
[427/500] #427 Al Green - Call Me (6ac8a071-7ee6-4e25-a36e-237063ec7035): updated
[428/500] #428 Hüsker Dü - New Day Rising (93f45485-305a-3cab-8823-ac4fb703657d): updated
[429/500] #429 Four Tops - Reach Out (8e998f83-209e-4db1-91e8-55412fde369a): updated
[430/500] #430 Bad Bunny - Un Verano Sin Ti (aded3f90-b758-451a-aad7-711d5985b05f): updated
[431/500] #431 Los Lobos - How Will the Wolf Survive? (47448608-0164-451a-8427-135b28a9d317): updated
[432/500] #432 Usher - Confessions (e9c7cbfa-bc5a-3183-a01b-28ed5817164f): updated
[433/500] #433 LCD Soundsystem - Sound of Silver (76a05bcd-9a8b-4c38-9110-f6d7d8bd67fe): updated
[434/500] #434 Pavement - Crooked Rain, Crooked Rain (8684f971-08a2-3551-8e5c-a87440408725): updated
[435/500] #435 Pet Shop Boys - Actually (6c40ed1a-d37b-4ae0-8af9-7728f64b2ecd): updated
[436/500] #436 2Pac - All Eyez on Me (f62e6093-19a1-451a-96bd-763fa51f3816): updated
[437/500] #437 Gorillaz - Demon Days (53a9f71c-5b32-4e76-a812-1ad23e82fd40): updated
[438/500] #438 Blur - Parklife (fcd89fc6-5e45-4c43-b281-98627ea0fadc): updated
[439/500] #439 James Brown - Sex Machine (b2482d08-f326-4d9f-bfeb-205040e28658): updated
[440/500] #440 Loretta Lynn - Coal Miner's Daughter (5ef25d9f-8571-4116-aa12-493f5f01f66d): updated
[441/500] #441 Britney Spears - Blackout (1b0930aa-2044-4709-bef0-85bc4e9a356b): updated
[442/500] #442 The Weeknd - Beauty Behind the Madness (8ee1ee84-e5a5-43dd-b689-e6a34da54393): updated
[443/500] #443 David Bowie - Scary Monsters (and Super Creeps) (4f04bebb-4eb4-42e4-b88c-b4129be9028b): updated
[444/500] #444 Fiona Apple - Extraordinary Machine (dbb8fc63-1013-488e-8711-c4a5918f37d9): updated
[445/500] #445 Yes - Close to the Edge (2b9b5b13-5639-4645-b89b-e5ea555f9a65): updated
[446/500] #446 Alice Coltrane - Journey in Satchidananda (2efc9b51-ab8a-3b10-883d-5821a6da989e): updated
[447/500] #447 Bad Bunny - X 100pre (691a36e6-8cd9-4066-820e-2f261a8bca97): updated
[448/500] #448 Otis Redding - Complete & Unbelievable: The Otis Redding Dictionary of Soul (8e181bc6-7453-4cdc-bc42-3a0a99d07690): updated
[449/500] #449 The White Stripes - Elephant (9bf86596-1ef0-4bd4-8f5e-bb205a77b075): updated
[450/500] #450 Paul McCartney and Linda McCartney - Ram (066b3a52-f3f6-4a03-bf0d-f9f603690ae1): updated
[451/500] #451 Roberta Flack - First Take (cd0e72a6-0170-43ac-9399-cd0bb960e48a): updated
[452/500] #452 The Supremes - Anthology (28c1a1d2-37ec-4980-904a-53fb2f7cf370): updated
[453/500] #453 Nine Inch Nails - Pretty Hate Machine (d502a247-7ac9-4250-bdcf-51274b10b227): updated
[454/500] #454 Can - Ege Bamyası (f2b31e52-fc72-310b-8dfe-0afde8306bc2): updated
[455/500] #455 Bo Diddley - Bo Diddley/Go Bo Diddley (65d4135f-36c0-44e7-801f-d5a00c51cf57): updated
[456/500] #456 Al Green - Al Green's Greatest Hits (64426649-ae25-4ef2-83fb-8a2a4d9ae192): updated
[457/500] #457 Sinéad O'Connor - I Do Not Want What I Haven't Got (cf12eafa-22fa-436f-8031-ac8f2fb34c97): updated
[458/500] #458 Jason Isbell - Southeastern (c5c26f7f-7500-4931-a08f-e2edc79ac429): updated
[459/500] #459 Kid Cudi - Man on the Moon: The End of Day (7e5ebafd-cbf5-4421-9a65-32fc5fae41a6): updated
[460/500] #460 Lorde - Melodrama (c06af11d-bd8a-4743-ad41-e788aeacff7a): updated
[461/500] #461 Bon Iver - For Emma, Forever Ago (f2d4a53b-0612-48e2-a09c-02489ae27a51): updated
[462/500] #462 The Flying Burrito Brothers - The Gilded Palace of Sin (3e2f894f-f77c-4c14-bc7a-137bce846991): updated
[463/500] #463 Laura Nyro - Eli and the Thirteenth Confession (475ef81f-3cff-47ad-becf-f4d5c32b2d99): updated
[464/500] #464 The Isley Brothers - 3 + 3 (9ca473e8-209a-4d8a-bb8b-78d6e9e2ac30): updated
[465/500] #465 King Sunny Adé - The Best of the Classic Years (87d36358-5043-42a0-bad4-bf0bad3fc470): updated
[466/500] #466 Black Uhuru - Red (4d8ca766-068d-45df-80bf-fa57932d1694): updated
[467/500] #467 Maxwell - BLACKsummers'night (e5262a5c-9b26-45bd-a1b2-5cd89d671a58): updated
[468/500] #468 The Rolling Stones - Some Girls (72931641-d8dc-4da3-b161-37a8e7101980): updated
[469/500] #469 Manu Chao - Clandestino (a40ad401-cc07-4158-8c58-05d30ce7db22): updated
[470/500] #470 Juvenile - 400 Degreez (294a4054-8a15-446d-bb57-23fcc4552ce9): updated
[471/500] #471 Jefferson Airplane - Surrealistic Pillow (c9795844-0c1b-48a9-8322-fa36874af6cb): updated
[472/500] #472 SZA - Ctrl (2d5626a5-0fea-4604-97bb-4778c5c1e52f): updated
[473/500] #473 Daddy Yankee - Barrio Fino (5d0f09f3-3b00-42e7-8109-21c31427573b): updated
[474/500] #474 Big Star - #1 Record (85455e7b-953e-404c-a8f9-061d71fc4aba): updated
[475/500] #475 Sheryl Crow - Sheryl Crow (55ae0a9a-e9b3-4910-b998-34875b74785f): updated
[476/500] #476 Sparks - Kimono My House (940f4f66-33da-4fd4-bfbe-b9f256406761): updated
[477/500] #477 Howlin' Wolf - Moanin' in the Moonlight (2659f70a-a9db-3cf9-9053-5dfcdb5581ee): updated
[478/500] #478 The Kinks - Something Else by the Kinks (ad0615da-12b5-421d-b5d5-dbb6ceda8350): updated
[479/500] #479 Selena - Amor Prohibido (df9d2f9f-a045-4c60-859b-9109710693f9): updated
[480/500] #480 Miranda Lambert - The Weight of These Wings (1588e25f-bc10-4e76-abfb-7e4701da733d): updated
[481/500] #481 Belle and Sebastian - If You're Feeling Sinister (1ed64b0a-be41-3bff-b8ee-dab8f73546c0): updated
[482/500] #482 The Pharcyde - Bizarre Ride II the Pharcyde (946eff9c-e3b0-48d7-af69-7f7be31364ac): updated
[483/500] #483 Muddy Waters - The Anthology: 1947–1972 (fb04a209-3b71-4388-92a0-b5d3eed241fb): updated
[484/500] #484 Lady Gaga - Born This Way (405798ff-b804-4ef3-aca9-8da054351b73): updated
[485/500] #485 Richard Thompson and Linda Thompson - I Want to See the Bright Lights Tonight (000e6233-c4e9-466e-8144-2c362e50816b): updated
[486/500] #486 John Mayer - Continuum (a6d5bb5c-bbf8-4db0-88a6-e618ac29b149): updated
[487/500] #487 Black Flag - Damaged (136a731b-8515-4023-9cca-722e6de4cf60): updated
[488/500] #488 The Stooges - The Stooges (9841dd14-f7a3-4a40-a0f5-5cfd2b0999ed): updated
[489/500] #489 Various artists - Back to Mono (1958–1969) (e94cff78-9f77-4799-a473-fdf812603863): updated
[490/500] #490 Linda Ronstadt - Heart Like a Wheel (7ce123fd-0e5c-463b-bf60-a8e5f0acd926): updated
[491/500] #491 Harry Styles - Harry's House (ec0beb3b-443d-41d4-8991-ba6030c76b7e): updated
[492/500] #492 Bonnie Raitt - Nick of Time (cca03645-c4c9-46ac-8241-e2e6ddb1d0e0): updated
[493/500] #493 Marvin Gaye - Here, My Dear (4c413791-f9de-4259-b971-1bb2f7c678a4): updated
[494/500] #494 The Ronettes - Presenting the Fabulous Ronettes Featuring Veronica (1ef22b6f-467f-42aa-b74c-d8cc415e5797): updated
[495/500] #495 Boyz II Men - II (ea777228-d6ad-40ea-9bf0-73bd1e609c16): updated
[496/500] #496 Shakira - ¿Dónde Están los Ladrones? (6f58dbef-35c5-4c8d-bef5-abbcb39efccf): updated
[497/500] #497 Various artists - The Indestructible Beat of Soweto (4f3dbbd3-fd84-4223-90ad-3505df50ffbf): updated
[498/500] #498 Suicide - Suicide (aa329b8c-6dd0-3279-9fa2-96e3a995cd4c): updated
[499/500] #499 Rufus featuring Chaka Khan - Ask Rufus (e728466f-4bf7-4947-bd28-36513f8611eb): updated
[500/500] #500 Arcade Fire - Funeral (26cdc327-38f2-4200-b5dc-f2fa0e13fcfe): updated

Created: 0
Updated: 500
Failed:  0

