[1/87] #1 Marvin Gaye - What's Going On: accepted
[2/87] #12 Michael Jackson - Thriller: needs_review
[3/87] #13 Aretha Franklin - I Never Loved a Man the Way I Love You: needs_review
[4/87] #16 The Clash - London Calling: needs_review
[5/87] #17 Kanye West - My Beautiful Dark Twisted Fantasy: accepted
[6/87] #18 Bob Dylan - Highway 61 Revisited: accepted
[7/87] #30 The Jimi Hendrix Experience - Are You Experienced: accepted
[8/87] #33 Amy Winehouse - Back to Black: needs_review
[9/87] #36 Michael Jackson - Off the Wall: needs_review
[10/87] #40 David Bowie - The Rise and Fall of Ziggy Stardust and the Spiders from Mars: accepted
[11/87] #45 Prince - Sign o' the Times: accepted
[12/87] #47 Ramones - Ramones: accepted
[13/87] #57 The Band - The Band: needs_review
[14/87] #61 Eric B. & Rakim - Paid in Full: needs_review
[15/87] #63 Steely Dan - Aja: accepted
[16/87] #65 James Brown - Live at the Apollo: needs_review
[17/87] #68 Kate Bush - Hounds of Love: needs_review
[18/87] #73 My Bloody Valentine - Loveless: accepted
[19/87] #77 The Who - Who's Next: needs_review
[20/87] #81 Beyoncé - Beyoncé: needs_review
[21/87] #99 Taylor Swift - Red: accepted
[22/87] #101 Led Zeppelin - Led Zeppelin: needs_review
[23/87] #111 Janet Jackson - Control: needs_review
[24/87] #112 Elton John - Goodbye Yellow Brick Road: needs_review
[25/87] #114 The Strokes - Is This It: needs_review
[26/87] #130 Prince - 1999: needs_review
[27/87] #132 Hank Williams - 40 Greatest Hits: needs_review
[28/87] #135 U2 - The Joshua Tree: needs_review
[29/87] #147 Jeff Buckley - Grace: needs_review
[30/87] #157 Oasis - (What's the Story) Morning Glory?: needs_review
[31/87] #161 Crosby, Stills & Nash - Crosby, Stills & Nash: accepted
[32/87] #163 Various artists - Saturday Night Fever: needs_review
[33/87] #171 Sonic Youth - Daydream Nation: accepted
[34/87] #172 Simon & Garfunkel - Bridge over Troubled Water: needs_review
[35/87] #174 Various artists - The Harder They Come: needs_review
[36/87] #183 D'Angelo - Brown Sugar: needs_review
[37/87] #187 Ice Cube - AmeriKKKa's Most Wanted: needs_review
[38/87] #191 Etta James - At Last!: needs_review
[39/87] #194 Michael Jackson - Bad: needs_review
[40/87] #198 The B-52's - The B-52's: accepted
[41/87] #221 Rage Against the Machine - Rage Against the Machine: needs_review
[42/87] #227 Little Richard - Here's Little Richard: accepted
[43/87] #229 Patsy Cline - The Ultimate Collection: accepted
[44/87] #238 Kraftwerk - Trans-Europe Express: accepted
[45/87] #242 The Velvet Underground - Loaded: accepted
[46/87] #245 Cocteau Twins - Heaven or Las Vegas: accepted
[47/87] #246 LL Cool J - Mama Said Knock You Out: needs_review
[48/87] #248 Green Day - American Idiot: needs_review
[49/87] #272 The Velvet Underground - White Light/White Heat: needs_review
[50/87] #276 Radiohead - The Bends: needs_review
[51/87] #283 Donna Summer - Bad Girls: needs_review
[52/87] #286 Red Hot Chili Peppers - Californication: accepted
[53/87] #296 Neil Young and Crazy Horse - Rust Never Sleeps: accepted
[54/87] #301 New York Dolls - New York Dolls: needs_review
[55/87] #317 Billie Holiday - Lady in Satin: needs_review
[56/87] #321 Lana Del Rey - Norman Fucking Rockwell!: needs_review
[57/87] #326 Prince - Dirty Mind: needs_review
[58/87] #329 DJ Shadow - Endtroducing.....: needs_review
[59/87] #336 Roxy Music - Avalon: needs_review
[60/87] #342 The Beatles - Let It Be: needs_review
[61/87] #347 GZA - Liquid Swords: needs_review
[62/87] #355 Black Sabbath - Black Sabbath: needs_review
[63/87] #359 Big Star - Radio City: needs_review
[64/87] #360 Funkadelic - One Nation Under a Groove: needs_review
[65/87] #362 Luther Vandross - Never Too Much: needs_review
[66/87] #371 The Temptations - Anthology: needs_review
[67/87] #394 Diana Ross - Diana: accepted
[68/87] #399 Brian Wilson - Brian Wilson Presents Smile: needs_review
[69/87] #401 Blondie - Blondie: needs_review
[70/87] #410 The Beach Boys - Wild Honey: accepted
[71/87] #418 Dire Straits - Brothers in Arms: needs_review
[72/87] #420 Earth, Wind & Fire - That's the Way of the World: accepted
[73/87] #422 Marvin Gaye - Let's Get It On: needs_review
[74/87] #429 Four Tops - Reach Out: accepted
[75/87] #437 Gorillaz - Demon Days: accepted
[76/87] #438 Blur - Parklife: accepted
[77/87] #443 David Bowie - Scary Monsters (and Super Creeps): needs_review
[78/87] #455 Bo Diddley - Bo Diddley/Go Bo Diddley: accepted
[79/87] #456 Al Green - Al Green's Greatest Hits: needs_review
[80/87] #462 The Flying Burrito Brothers - The Gilded Palace of Sin: accepted
[81/87] #464 The Isley Brothers - 3 + 3: needs_review
[82/87] #467 Maxwell - BLACKsummers'night: needs_review
[83/87] #475 Sheryl Crow - Sheryl Crow: accepted
[84/87] #483 Muddy Waters - The Anthology: 1947–1972: needs_review
[85/87] #484 Lady Gaga - Born This Way: needs_review
[86/87] #492 Bonnie Raitt - Nick of Time: needs_review
[87/87] #498 Suicide - Suicide: accepted

Newly accepted: 30
Still needs review: 57
Newly discarded: 0
