[1/500] What’s Going On (prod_01KYYXZ9J7FZKDE7E8DEFABK93): already migrated
[2/500] Pet Sounds (prod_01KYYXZFXQVW5DQAPE9EW01BW0): already migrated
[3/500] Blue (prod_01KYYXZQJY7RP2N9QY7JSYHVCX): migrated 2 image(s)
[4/500] Songs in the Key of Life (prod_01KYYXZXWJAQVRVWE9NGYS2NCP): migrated 2 image(s)
[5/500] Abbey Road (prod_01KYYY04NEPWF9V0YS5FC07PT9): migrated 2 image(s)
[6/500] Nevermind (prod_01KYYY0GVFPXH0PEQBZWKEESHP): migrated 4 image(s)
[7/500] Rumours (prod_01KYYY0ZX9VJ8R4WV8GHEWTZND): migrated 4 image(s)
[8/500] Purple Rain (prod_01KYYY19W5Y19XQMSVX6THKQ9F): migrated 4 image(s)
[9/500] Blood on the Tracks (prod_01KYYY1HB8Y2KJ1EKFT5NDWAGK): migrated 2 image(s)
[10/500] The Miseducation of Lauryn Hill (prod_01KYYY1SFMH5MFPDZY07SJGV78): migrated 2 image(s)
[11/500] Revolver (prod_01KYYY210Q1GVE62J2CZSTB5YX): migrated 2 image(s)
[12/500] Thriller (prod_01KYYY2CYACMR12RHSV6XR26V6): migrated 4 image(s)
[13/500] I Never Loved a Man (the Way I Love You) (prod_01KYYY2PD198EK4X2M22GGWRM0): migrated 2 image(s)
[14/500] Exile on Main St. (prod_01KYYY2YY5CM4RH3GJGPECKR3X): migrated 2 image(s)
[15/500] It Takes a Nation of Millions to Hold Us Back (prod_01KYYY3BTP7PVDKJ5WBPAGDV9A): migrated 4 image(s)
[16/500] London Calling (prod_01KYYY3N2SBK1CACRHRTGN027B): migrated 2 image(s)
[17/500] My Beautiful Dark Twisted Fantasy (prod_01KYYY3VYGWTJRSTH4EJN9PRBP): migrated 2 image(s)
[18/500] Highway 61 Revisited (prod_01KYYY428FF7DQJA2T75RK2AK1): migrated 2 image(s)
[19/500] To Pimp a Butterfly (prod_01KYYY4DPJS8FYKYEFGC83W071): migrated 4 image(s)
[20/500] Kid A (prod_01KYYY4SB6VF6E6VW4DASY2Q2Q): migrated 4 image(s)
[21/500] Born to Run / Meeting Across the River (prod_01KYYY53ZH0RT2J949KPHGY4Q6): migrated 4 image(s)
[22/500] Ready to Die (prod_01KYYY5APK0Z3ZBZMXYSGFPWZE): migrated 2 image(s)
[23/500] The Velvet Underground & Nico (prod_01KYYY5P4G1W223CKESTP9DEVE): migrated 4 image(s)
[24/500] Sgt. Pepper’s Lonely Hearts Club Band (prod_01KYYY6A0J3E7VTKS7ABZPPVD8): migrated 4 image(s)
[25/500] Tapestry (prod_01KYYY6SSTRD6ZRB9YZD7AF1QR): migrated 4 image(s)
[26/500] Horses (prod_01KYYY709P622NYK71792YW024): migrated 2 image(s)
[27/500] Enter the Wu‐Tang (36 Chambers) (prod_01KYYY76PT0CJWA2Y725F6C4NS): migrated 2 image(s)
[28/500] Voodoo (prod_01KYYY7J69NY8EH7NPMR5DVXZG): migrated 4 image(s)
[29/500] The Beatles (prod_01KYYY7ZMTSFQWCACDBHTBGBXJ): migrated 4 image(s)
[30/500] Are You Experienced (prod_01KYYY879J8XEGPM7JDC6GPQPK): migrated 2 image(s)
[31/500] Kind of Blue (prod_01KYYY8MCE5DQMWVPMDMWY2H66): migrated 4 image(s)
[32/500] Lemonade (prod_01KYYY8WM7QC3508J8QTTTR06J): migrated 2 image(s)
[33/500] Back to Black (prod_01KYYY93XM9M7CD0WZWZBZF9TQ): migrated 2 image(s)
[34/500] Innervisions (prod_01KYYY9D9S05Z6DYB6M6A64PX0): migrated 2 image(s)
[35/500] Rubber Soul (prod_01KYYY9R7DMX91KWWWYG9TDXC7): migrated 4 image(s)
[36/500] Off the Wall (prod_01KYYYA70CARM4SCE657Z7HHS9): migrated 4 image(s)
[37/500] The Chronic (prod_01KYYYAFD40BY97X9S2HQ9QN51): migrated 2 image(s)
[38/500] Blonde on Blonde (prod_01KYYYARFYRVQA5BRVZ2TCZT8K): migrated 2 image(s)
[39/500] Remain in Light (prod_01KYYYB2KN5K0CHK25S22DDFRT): migrated 4 image(s)
[40/500] The Rise and Fall of Ziggy Stardust and the Spiders From Mars (prod_01KYYYB941TE2MDDBD40WWKABB): migrated 2 image(s)
[41/500] Let It Bleed (prod_01KYYYBFNQ2946XY3H994KRT74): migrated 2 image(s)
[42/500] OK Computer (prod_01KYYYBZTB1Q8RZ31PDSP2B33H): migrated 4 image(s)
[43/500] The Low End Theory (prod_01KYYYC75X80ZGQ7Z6RCWP25Q9): migrated 2 image(s)
[44/500] Illmatic (prod_01KYYYCJ00Y4YP7CTBD89VFJZF): migrated 4 image(s)
[45/500] Sign “☮︎” the Times (prod_01KYYYCZBW5NCVJQGBB76TJSTY): migrated 4 image(s)
[46/500] Graceland (prod_01KYYYDAQ6XKXV63YCGMYZNS5P): migrated 4 image(s)
[47/500] Ramones (prod_01KYYYDH9DXMX69M6RM7VG6MFZ): migrated 2 image(s)
[48/500] Exodus (prod_01KYYYDTBX91CGEFH7Y4WHD254): migrated 2 image(s)
[49/500] Aquemini (prod_01KYYYE5TZ7BWCGA87QZCSFP06): migrated 4 image(s)
[50/500] The Blueprint (prod_01KYYYECT2K2A3T0XYQX7S05N8): migrated 2 image(s)
[51/500] The Great Twenty-Eight (prod_01KYYYESQMTQB9Y5TED8X2WAJ0): migrated 2 image(s)
[52/500] Station to Station (prod_01KYYYF0SVP7SX8H169TT8XBWJ): migrated 2 image(s)
[53/500] Electric Ladyland, Part 1 (prod_01KYYYFC90BXXA0K1NJT239XKC): migrated 4 image(s)
[54/500] Star Time (prod_01KYYYFNR71YB0J6NCJW5XYKEJ): migrated 4 image(s)
[55/500] The Dark Side of the Moon (prod_01KYYYG187KR2XTY1GZWFXQYZ3): migrated 4 image(s)
[56/500] Exile in Guyville (prod_01KYYYGB8EYQYHJK5Q0ZR7JGAN): migrated 4 image(s)
[57/500] The Band (prod_01KYYYGKSXNB406FSCHD2K38R8): migrated 2 image(s)
[58/500] [Led Zeppelin IV] (prod_01KYYYGVFHMP3WK7FHA8FQNXMQ): migrated 2 image(s)
[59/500] Talking Book (prod_01KYYYHAXDSRMT1Q224XKV2CQ1): migrated 2 image(s)
[60/500] Astral Weeks (prod_01KYYYHJ39EQE59KEFNSPXTPPN): migrated 2 image(s)
[61/500] Paid in Full (prod_01KYYYHSPWWTMNPY0GRAM8ND55): migrated 2 image(s)
[62/500] Appetite for Destruction (prod_01KYYYJ2Z0AM1XVYP82674YG5Z): migrated 4 image(s)
[63/500] Aja (prod_01KYYYJA36H87T283C1XBTWJBQ): migrated 2 image(s)
[64/500] Stankonia (prod_01KYYYJRGGEHK8TTVXZBP6NWP7): migrated 2 image(s)
[65/500] Live at the Apollo, 1962 (prod_01KYYYJZ9TYQK4BBS4Y41E8F3N): migrated 2 image(s)
[66/500] A Love Supreme (prod_01KYYYK701TN42V208EHRYRNMA): migrated 2 image(s)
[67/500] Reasonable Doubt (prod_01KYYYKQV6QKT79YK24B4BZQ65): migrated 4 image(s)
[68/500] Hounds of Love (prod_01KYYYKYM4ZKVJ7P830B76S4PY): migrated 2 image(s)
[69/500] Jagged Little Pill (prod_01KYYYM8ZMF4ZANYKSJ2VBX4FS): migrated 4 image(s)
[70/500] Straight Outta Compton (prod_01KYYYMGC7EH1FHYDBDMDKTNP3): migrated 2 image(s)
[71/500] RENAISSANCE (prod_01KYYYMTDQJSQ67AA7WZCYHD0X): migrated 2 image(s)
[72/500] Harvest (prod_01KYYYN9AHC7HBYY4TDH894RZK): migrated 2 image(s)
[73/500] Loveless (prod_01KYYYNK64FCCYCC2WHY52GJD8): migrated 4 image(s)
[74/500] The College Dropout (prod_01KYYYNTMXWYNAG2FEG8WBQ6GH): migrated 2 image(s)
[75/500] Lady Soul (prod_01KYYYP4SJKQRN0AAF0NKBQKTP): migrated 4 image(s)
[76/500] Super Fly (and more) (prod_01KYYYPFQSPM179ZPH7MT7NKEX): migrated 4 image(s)
[77/500] Who’s Next (prod_01KYYYPP0FBMC9MJ0XRG0XC9B2): migrated 2 image(s)
[78/500] The Sun Sessions (prod_01KYYYPW6Z314A8S1HFDA92PFV): migrated 2 image(s)
[79/500] Blonde (prod_01KYYYQ70978BANNE006F4Q21D): migrated 2 image(s)
[80/500] Never Mind the Bollocks Here's the Sex Pistols (prod_01KYYYQER9YRHSRASDX97RC7DY): migrated 2 image(s)
[81/500] BEYONCÉ (prod_01KYYYQNSG8CN76WBKW86AJXSB): migrated 2 image(s)
[82/500] There’s a Riot Goin’ On (prod_01KYYYQWFA4NSQDSZVHNQ9NMPE): migrated 2 image(s)
[83/500] Dusty in Memphis (prod_01KYYYR3CZQSF94EQ8MYBEKMRD): migrated 2 image(s)
[84/500] Back in Black / What Do You Do for Money Honey (prod_01KYYYRT3D77C9VPFP78H0JVFB): migrated 4 image(s)
[85/500] John Lennon/Plastic Ono Band (prod_01KYYYS1G6W5JJT5GHBANPH4RH): migrated 2 image(s)
[86/500] The Doors (prod_01KYYYSDQDECA2G6SD2HHG1BA8): migrated 4 image(s)
[87/500] Bitches Brew (prod_01KYYYSWMFZD9G2HNTVC2AEM7F): migrated 4 image(s)
[88/500] Hunky Dory (prod_01KYYYT6YW5B48HTBST1Q42PS9): migrated 4 image(s)
[89/500] Baduizm (prod_01KYYYTJ3AN5SWG0KPK3CHZR21): migrated 4 image(s)
[90/500] After the Gold Rush (prod_01KYYYTVNTG14PTWXGWGZXQ2S8): migrated 4 image(s)
[91/500] Darkness on the Edge of Town (prod_01KYYYV75AEADJMG2AMP793WRJ): migrated 4 image(s)
[92/500] Axis: Bold as Love (prod_01KYYYVM1JNC5MH8RF15E3FHF3): migrated 4 image(s)
[93/500] Supa Dupa Fly (prod_01KYYYVTX1H5VEY8YC4VGP90A4): migrated 2 image(s)
[94/500] Fun House (prod_01KYYYW46QEC5BJTZ3J4HDJ16T): migrated 2 image(s)
[95/500] Take Care (prod_01KYYYWAJAQDJQXYR8KCHATSNA): migrated 2 image(s)
[96/500] Automatic for the People (prod_01KYYYWMY1YXEE48N188F8V3D4): migrated 2 image(s)
[97/500] Master of Puppets (prod_01KYYYWV6SJRF391MN0BTK6P2X): migrated 2 image(s)
[98/500] Car Wheels on a Gravel Road (prod_01KYYYX17PKKJE7GRS6Z0CKPFF): migrated 2 image(s)
[99/500] Red (prod_01KYYYXGAT9PBE2TNJ5WYBN121): migrated 4 image(s)
[100/500] Music From Big Pink (prod_01KYYYXV6M81FP6JX09NAPXV80): migrated 4 image(s)
[101/500] Led Zeppelin (prod_01KYYYY9FTZ77WTK0KHRPT8Z53): migrated 4 image(s)
[102/500] The Clash (prod_01KYYYYHPVD2NR2JAH479SKT6J): migrated 2 image(s)
[103/500] 3 Feet High and Rising (prod_01KYYYYR4T5H4ZY9KV6J0CQXBV): migrated 2 image(s)
[104/500] Sticky Fingers (prod_01KYYYYXQVDBHKSVWDSBGZZGBT): migrated 2 image(s)
[105/500] At Fillmore East (prod_01KYYYZ3YSXB5NSZAPQBY3CSF3): migrated 2 image(s)
[106/500] Live Through This (prod_01KYYYZEP0CGSA4PAA6HXDJ5MC): migrated 4 image(s)
[107/500] Marquee Moon (prod_01KYYYZQ5Z2F9AC0AG7GAC4R4A): migrated 2 image(s)
[108/500] Tidal / When the Pawn… (prod_01KYYYZXHD5BGJPHC35XW5XZZR): migrated 2 image(s)
[109/500] Transformer (prod_01KYYZ04KKF9Z5HM4HSX94S1QR): migrated 2 image(s)
[110/500] Court and Spark (prod_01KYYZ0CJ413M9ZWHJVY41VP3G): migrated 2 image(s)
[111/500] Control (prod_01KYYZ0KJEEF2DV15DVEE33EH9): migrated 2 image(s)
[112/500] Goodbye Yellow Brick Road (prod_01KYYZ0X6QZS9BNX5PS7NZ17D8): migrated 2 image(s)
[113/500] The Queen Is Dead (prod_01KYYZ16DDFZ847HADVXDHSD5X): migrated 2 image(s)
[114/500] Is This It (prod_01KYYZ1JFPHXQN0AB1GQX22SJW): migrated 2 image(s)
[115/500] good kid, m.A.A.d city (prod_01KYYZ1RR539G2G4BT0Y3A6WYH): migrated 2 image(s)
[116/500] Disintegration (prod_01KYYZ1YCVZW99RS18T52FW5XB): migrated 2 image(s)
[117/500] Late Registration (prod_01KYYZ288CRBP0DMPP7T9DJ536): migrated 2 image(s)
[118/500] Hotel California (prod_01KYYZ2PHMF00Y6A4P8E7TEP0M): migrated 4 image(s)
[119/500] Stand! (prod_01KYYZ31C1REPYCW7SKX33QVD8): migrated 4 image(s)
[120/500] Moondance (prod_01KYYZ37E95PV7AJ0S2DDEVHDP): migrated 2 image(s)
[121/500] This Year’s Model (prod_01KYYZ3MZY5TFBDATFAX8661J9): migrated 4 image(s)
[122/500] The Downward Spiral (prod_01KYYZ42CND94QFMPMBGMKC5JD): migrated 4 image(s)
[123/500] Led Zeppelin II (prod_01KYYZ49AHETG116GNY99RQ0T8): migrated 2 image(s)
[124/500] Achtung Baby (prod_01KYYZ4JVS6GVQPCPAKNKDQMPP): migrated 4 image(s)
[125/500] Paul’s Boutique (prod_01KYYZ4X9PCG6STZVM99YSE0SE): migrated 4 image(s)
[126/500] My Life (prod_01KYYZ5CK45ZT3BZ6EWSFN20PP): migrated 4 image(s)
[127/500] Modern Sounds in Country and Western Music (prod_01KYYZ5QPQ0SXFKAET5NKSX04M): migrated 4 image(s)
[128/500] A Night at the Opera (prod_01KYYZ61K1CWCXWF99C169JRE3): migrated 4 image(s)
[129/500] The Wall (prod_01KYYZ6ASGJ2S6VA3Z9FZTN1KE): migrated 4 image(s)
[130/500] 1999 (prod_01KYYZ6PJP6BSCW4CJVR2Q0X8R): migrated 4 image(s)
[131/500] Dummy (prod_01KYYZ6ZZ6VWXPCWCXG7D7XDSD): migrated 4 image(s)
[132/500] 40 Greatest Hits (prod_01KYYZ79Z373YTXTE6FKNV5NKT): migrated 4 image(s)
[133/500] Hejira (prod_01KYYZ7GEY7Z75M6X5T236547M): migrated 2 image(s)
[134/500] The Score (prod_01KYYZ7XKSZD9FAFGP3R5699V8): migrated 4 image(s)
[135/500] The Joshua Tree (prod_01KYYZ8493WTPQJKW46SQ80A3G): migrated 2 image(s)
[136/500] Maggot Brain (prod_01KYYZ8ANNF6ZERNT85998MC85): migrated 2 image(s)
[137/500] 21 (prod_01KYYZ8JDX84V32QR5BKM8QX4S): migrated 2 image(s)
[138/500] The Immaculate Collection (prod_01KYYZ8S74KMJEVV6WTEE4KB69): migrated 2 image(s)
[139/500] Paranoid (prod_01KYYZ949PMPS5GABFEYB7EH0X): migrated 4 image(s)
[140/500] Catch a Fire (prod_01KYYZ9BHXA1HE0AXVHKKTP1Z5): migrated 2 image(s)
[141/500] Doolittle (prod_01KYYZ9PSS6SFPFXRA70A4MREP): migrated 4 image(s)
[142/500] Born in the U.S.A. (prod_01KYYZA2D27DCG9YFN9S07EZ23): migrated 4 image(s)
[143/500] The Velvet Underground (prod_01KYYZAESND00KV1N7AKGF6E7T): migrated 4 image(s)
[144/500] Physical Graffiti (prod_01KYYZAZSMB2GBHPYP8A6Y6HJ8): migrated 4 image(s)
[145/500] The Marshall Mathers LP (prod_01KYYZBB0GJKS3ZBWJTQ1GB73N): migrated 4 image(s)
[146/500] Parallel Lines (prod_01KYYZBNYN6VJW2MKZDWNPD7V8): migrated 4 image(s)
[147/500] Grace (prod_01KYYZC0K8BB3V2N539ECADC8W): migrated 4 image(s)
[148/500] channel ORANGE (prod_01KYYZC7V6R8XK5926M46ACG49): migrated 2 image(s)
[149/500] John Prine (prod_01KYYZCM9N8GWPKXQZXNWGNWX8): migrated 4 image(s)
[150/500] Nebraska (prod_01KYYZCXSVSVZBR2NFM20NFHTA): migrated 4 image(s)
[151/500] Faith (prod_01KYYZD4HYYN1BXJ0Q4E3FZAM1): migrated 2 image(s)
[152/500] Pretenders (prod_01KYYZDAQ7H1AZTK9X6SX4ZM74): migrated 2 image(s)
[153/500] Rid of Me (prod_01KYYZDNR73A10PK82WPQ649EE): migrated 4 image(s)
[154/500] Amazing Grace (prod_01KYYZDYW78SSPGF6T2GHZVNWS): migrated 2 image(s)
[155/500] The Black Album (prod_01KYYZE5N9D9HHEDX2T7ME1P3D): migrated 2 image(s)
[156/500] Let It Be (prod_01KYYZEEXX1HMNXSFPZ0VEXNM6): migrated 4 image(s)
[157/500] (What’s the Story) Morning Glory? (prod_01KYYZESSJWZPH026C4MS8MY67): migrated 4 image(s)
[158/500] Mama’s Gun (prod_01KYYZF43F9XW47FPCXXMHZDM3): migrated 4 image(s)
[159/500] Synchronicity (prod_01KYYZFDXBGVEWMXWEJ4RCVEFG): migrated 4 image(s)
[160/500] Ten (prod_01KYYZFNHC3W0FQT1PEEK9SNJ9): migrated 2 image(s)
[161/500] Crosby, Stills & Nash (prod_01KYYZFWZZS434G0RPZ6JSFQRJ): migrated 2 image(s)
[162/500] Different Class (prod_01KYYZG7C5RKF13WP8QC9RWEP8): migrated 4 image(s)
[163/500] Saturday Night Fever (prod_01KYYZGD4KKE4EMRET084TCTY5): migrated 2 image(s)
[164/500] At Folsom Prison (prod_01KYYZGNCA43DP8S05QVV5A0H2): migrated 2 image(s)
[165/500] Murmur (prod_01KYYZH1D56QAZCPCK4STB7QAB): migrated 4 image(s)
[166/500] 20 Golden Greats (prod_01KYYZHGQ92BH7K6RS1R7N837E): migrated 4 image(s)
[167/500] Violator (prod_01KYYZHWPTVRRVBXQ1V1S1M9MD): migrated 4 image(s)
[168/500] Can’t Buy a Thrill (prod_01KYYZJ8DJ35PX5Q3V6EQABXGS): migrated 2 image(s)
[169/500] The Stranger (prod_01KYYZJFAG7RAYEZTDQA6GG08D): migrated 2 image(s)
[170/500] folklore (prod_01KYYZJPWFP99FBNN5GFKR8YKJ): migrated 2 image(s)
[171/500] Daydream Nation (prod_01KYYZK286Z2PW99AVZW63R260): migrated 2 image(s)
[172/500] Bridge Over Troubled Water (prod_01KYYZKEP7M9GKFYMARN6YXP4G): migrated 4 image(s)
[173/500] In Utero (prod_01KYYZKVQJHKEA6YR6063QJWS8): migrated 4 image(s)
[174/500] The Harder They Come (prod_01KYYZM2VNHA2T5NTJXCEW4KPR): migrated 2 image(s)
[175/500] DAMN. (prod_01KYYZMBYW9TKH73VFC0YV59J8): migrated 4 image(s)
[176/500] Fear of a Black Planet (prod_01KYYZMMND8DGN7MGW5T34R87D): migrated 2 image(s)
[177/500] Every Picture Tells a Story (prod_01KYYZMZG0B8WY6ER4HYA9GBS7): migrated 2 image(s)
[178/500] Otis Blue / Otis Redding Sings Soul (prod_01KYYZNBYDT10R4GAW7R2JHH2Q): migrated 2 image(s)
[179/500] Life After Death (prod_01KYYZNJTHQZ4F8SVTJYRA0QK0): migrated 2 image(s)
[180/500] Forever Changes (prod_01KYYZNS17WKGDEV7001SWF00J): migrated 2 image(s)
[181/500] Bringing It All Back Home (prod_01KYYZP4Z4T9M0TX3KGA7TZZRF): migrated 2 image(s)
[182/500] Sweet Baby James (prod_01KYYZPBMRQ1YGAKEAY6888DZT): migrated 2 image(s)
[183/500] Brown Sugar (prod_01KYYZPR1X3N156JCQWTX2ZBTS): migrated 2 image(s)
[184/500] She’s So Unusual (prod_01KYYZQ8MBNJS12GRS36P4X0B5): migrated 2 image(s)
[185/500] Beggars Banquet (prod_01KYYZQHRMDTXVKP6R7KHG9T2P): migrated 4 image(s)
[186/500] Blood Sugar Sex Magik (prod_01KYYZQZCXDJ0SGAE8K3RDC5RX): migrated 4 image(s)
[187/500] AmeriKKKa’s Most Wanted (prod_01KYYZR97KW738R7HCSMMTFNS5): migrated 4 image(s)
[188/500] Electric Warrior (prod_01KYYZRGMT65VYQNDZ5450AJWX): migrated 2 image(s)
[189/500] Dig Me Out (prod_01KYYZS378HP06CH60FJWN9GTS): migrated 4 image(s)
[190/500] Tommy (prod_01KYYZSAARMS9S687GRGXEWQ4T): migrated 2 image(s)
[191/500] At Last! (prod_01KYYZSHD6CQW56DZMHM2DE5CN): migrated 2 image(s)
[192/500] Licensed to Ill (prod_01KYYZSS8K4HZJ47XZDYP0Q5GJ): migrated 2 image(s)
[193/500] Willy and the Poor Boys (prod_01KYYZT9PNFRRW3XGJX8PT1DEH): migrated 4 image(s)
[194/500] Bad (prod_01KYYZTNW6TMZ1PKH304CG47HB): migrated 2 image(s)
[195/500] Songs of Leonard Cohen (prod_01KYYZTVR6WDYM3MPV8CBSRNR6): migrated 2 image(s)
[196/500] Body Talk (prod_01KYYZV3F0TQ80KFX5TE8XCHX2): migrated 2 image(s)
[197/500] Meet The Beatles! (prod_01KYYZVB0EK64AR907AJQ1W1NA): migrated 2 image(s)
[198/500] The B‐52’s (prod_01KYYZVH08J3MS659R9X6DXEY9): migrated 2 image(s)
[199/500] Slanted and Enchanted (prod_01KYYZVRD7D0KP25NY2D6FP3MT): migrated 2 image(s)
[200/500] Diamond Life (prod_01KYYZW2W6PGV7JBHW38R2E93X): migrated 4 image(s)
[201/500] Midnight Marauders (prod_01KYYZWHNC3GAXTKR4D13YDEXS): migrated 2 image(s)
[202/500] Homogenic (prod_01KYYZX2PEFGGXGTVWDHFAD85W): migrated 4 image(s)
[203/500] Pink Moon (prod_01KYYZXE9S6CZM9PSX7X4MHE0N): migrated 4 image(s)
[204/500] Graduation (prod_01KYYZXWTYXX6M5S2VHYY3VJ9E): migrated 4 image(s)
[205/500] Tea for the Tillerman (prod_01KYYZY4WS3GH7W4JHV9BQ7T5S): migrated 2 image(s)
[206/500] Low (prod_01KYYZYDSMYCKH60SHB21ZP962): migrated 2 image(s)
[207/500] Eagles (prod_01KYYZYKX5RTF2C14C875RFM85): migrated 2 image(s)
[208/500] Tha Carter III (prod_01KYYZYW0FVM464WZZ84ZMDK82): migrated 2 image(s)
[209/500] Raising Hell (prod_01KYYZZ89Q3SXHA8AVG5C6AX6S): migrated 4 image(s)
[210/500] The Birth of Soul (prod_01KYYZZKQ8SWPDY9R772XVYA8T): migrated 4 image(s)
[211/500] Unknown Pleasures (prod_01KYYZZVR9J4Q3GR4XW9PF8H0D): migrated 2 image(s)
[212/500] Wild Is the Wind (prod_01KYZ0088EXZFYFV4MGRHZ12VJ): migrated 4 image(s)
[213/500] The Idler Wheel Is Wiser Than the Driver of the Screw and Whipping Cords Will Serve You More Than Ropes Will Ever Do (prod_01KYZ00EEZNHXT71AK8ZC340EP): migrated 2 image(s)
[214/500] Wildflowers (prod_01KYZ00SC1A0X6SHKPV95CB5ZP): migrated 4 image(s)
[215/500] American Beauty (prod_01KYZ014B7TAY08Q1BQ74GQC77): migrated 4 image(s)
[216/500] Either/Or (prod_01KYZ01D5007TE8C025W8TA7D0): migrated 2 image(s)
[217/500] Definitely Maybe (prod_01KYZ01RKWTY1NFARPA06KCGBZ): migrated 2 image(s)
[218/500] CrazySexyCool (prod_01KYZ024KY14GNA99CWFR98Z8N): migrated 4 image(s)
[219/500] Only Built 4 Cuban Linx… (prod_01KYZ02CDG51VDHSQCB76H44JQ): migrated 2 image(s)
[220/500] Déjà vu (prod_01KYZ02RQ9CKRVBVHT6K9NVPDZ): migrated 2 image(s)
[221/500] Rage Against the Machine (prod_01KYZ0302NDHCHR8311BDY7TF7): migrated 2 image(s)
[222/500] Ray of Light (prod_01KYZ03A1HG2FRCC2XDEYXF7YV): migrated 4 image(s)
[223/500] Imagine (prod_01KYZ03NX1BMVE9E4EW5MGT3Q4): migrated 2 image(s)
[224/500] Fly (prod_01KYZ041FP2ZDQMPCVEZB04PWQ): migrated 4 image(s)
[225/500] Yankee Hotel Foxtrot (prod_01KYZ04C7SWBSW98CBYFZ64MH3): migrated 4 image(s)
[226/500] Layla and Other Assorted Love Songs (prod_01KYZ04TVWHZ85SR3QWR5DYPGX): migrated 4 image(s)
[227/500] Here's Little Richard (prod_01KYZ051G50EZ8M3Y76VSE7JR7): migrated 2 image(s)
[228/500] De La Soul Is Dead (prod_01KYZ05HRV2YW6P405MTD9GMWS): migrated 4 image(s)
[229/500] The Ultimate Collection (prod_01KYZ05QZ5ZCRH1N61N3JTXAT1): migrated 2 image(s)
[230/500] ANTI (prod_01KYZ062G033XWKRX8RGQ8EY6F): migrated 2 image(s)
[231/500] Damn the Torpedoes (prod_01KYZ06BHW1BPJS6PF76D3XK4S): migrated 2 image(s)
[232/500] Giant Steps (prod_01KYZ06QSFWWJ1E93GBD9YH560): migrated 4 image(s)
[233/500] Little Earthquakes (prod_01KYZ073J9V7BABWN9DB9T6MKM): migrated 4 image(s)
[234/500] Master of Reality (prod_01KYZ07DZN7M9VFRR6PQJ1C5Q0): migrated 2 image(s)
[235/500] Metallica (prod_01KYZ07MRX7C9G9FNGF43X5BQJ): migrated 2 image(s)
[236/500] Discovery (prod_01KYZ080JKHB18QS6RND2QT9T5): migrated 2 image(s)
[237/500] Red Headed Stranger (prod_01KYZ08FPDZS8886YR79AM02C6): migrated 4 image(s)
[238/500] Trans Europe Express (prod_01KYZ08Y8T6MDS27XYP99YCTZQ): migrated 4 image(s)
[239/500] Criminal Minded (prod_01KYZ096YTXKKC2XYCMRRANGQ2): migrated 2 image(s)
[240/500] Live at the Harlem Square Club, 1963 (prod_01KYZ09J6R2WJDTPB7M7EBMCQ4): migrated 2 image(s)
[241/500] Blue Lines (prod_01KYZ0A0M6J3ZTJCY3RD2RTTCB): migrated 4 image(s)
[242/500] Loaded (prod_01KYZ0ACTJDR1DM3KB4K1XQK5V): migrated 4 image(s)
[243/500] Odessey and Oracle (prod_01KYZ0ANNBMGWQTFCH8NFE0Q7W): migrated 2 image(s)
[244/500] 808s & Heartbreak (prod_01KYZ0AXE3GVCKTB545K2PQCB2): migrated 2 image(s)
[245/500] Heaven or Las Vegas (prod_01KYZ0BA7WNRGJVB39MRSHBD7A): migrated 4 image(s)
[246/500] Mama Said Knock You Out (prod_01KYZ0BHR399KS532779FFRB2H): migrated 2 image(s)
[247/500] Love Deluxe (prod_01KYZ0C640TDWQWT150YX4NWG0): migrated 4 image(s)
[248/500] American Idiot (prod_01KYZ0CQ2A83CEHXBZ71ZE3RSB): migrated 2 image(s)
[249/500] Whitney Houston (prod_01KYZ0CXHGNJYKYPBB1YX814S1): migrated 2 image(s)
[250/500] Singles Going Steady (prod_01KYZ0D7RB6X31HWTXBRZW4H3J): migrated 4 image(s)
[251/500] Honky Château (prod_01KYZ0DEKSX0NN7KF3AX4WDPJ6): migrated 2 image(s)
[252/500] Q: Are We Not Men? A: We Are Devo! (prod_01KYZ0DTKCH1VH42Y5VX3SB3A4): migrated 2 image(s)
[253/500] The Piper at the Gates of Dawn (prod_01KYZ0EFSXK130N41SHQ21H4AB): migrated 2 image(s)
[254/500] Head Hunters (prod_01KYZ0EWMW7EPG4MEJ4NMQT8Z0): migrated 4 image(s)
[255/500] The Freewheelin’ Bob Dylan (prod_01KYZ0F493RM6GFXK4CY4PG6F9): migrated 2 image(s)
[256/500] Tracy Chapman (prod_01KYZ0FGMS9FJH895Y1JG6A9MZ): migrated 4 image(s)
[257/500] Coat of Many Colors (prod_01KYZ0FZ4VXEHR8DH16JZGR1FH): migrated 4 image(s)
[258/500] The Hissing of Summer Lawns (prod_01KYZ0G75B7WDR8D3DT8KQVV0X): migrated 2 image(s)
[259/500] Pearl (prod_01KYZ0GERA73A43FNTM7A79G8G): migrated 2 image(s)
[260/500] Cut (prod_01KYZ0GN23FDVKTJCBY8NA5H03): migrated 2 image(s)
[261/500] Check Your Head (prod_01KYZ0GWN8MHJZ9E6MTFX8QXD4): migrated 2 image(s)
[262/500] Power, Corruption & Lies (prod_01KYZ0H3H6T1FM1A10X7CF4PWD): migrated 2 image(s)
[263/500] A Hard Day’s Night: Original Motion Picture Sound Track (prod_01KYZ0HDQS68WREE2ERGEJSKK3): migrated 4 image(s)
[264/500] Wish You Were Here (prod_01KYZ0J0TDZZTF79M2NCFKZ2MA): migrated 4 image(s)
[265/500] Wowee Zowee (prod_01KYZ0JESRBG7QBKSF7C9ARZF5): migrated 4 image(s)
[266/500] Help! (prod_01KYZ0JV68DEKFPC051XQX7S9J): migrated 4 image(s)
[267/500] Double Nickels on the Dime (prod_01KYZ0K7QRAZ7F5CWD5H8823ST): migrated 2 image(s)
[268/500] Sail Away (prod_01KYZ0KJY666QRHM7BNF4ZAS1H): migrated 2 image(s)
[269/500] Yeezus (prod_01KYZ0KWBPCDB6YGWVVDDZM0P0): migrated 4 image(s)
[270/500] Golden Hour (prod_01KYZ0M4BY1RJT29BXSHX2KJY9): migrated 2 image(s)
[271/500] What's the 411? (prod_01KYZ0MC820KP2TMEXKK3RHCWP): migrated 2 image(s)
[272/500] White Light/White Heat (prod_01KYZ0MR94BEMPQ1S6NM6D77BX): migrated 4 image(s)
[273/500] Entertainment! (prod_01KYZ0N9BFV4DNC6EJ09N5H72G): migrated 4 image(s)
[274/500] Sweetheart of the Rodeo (prod_01KYZ0NHD9144KHF4WP6R18RFM): migrated 2 image(s)
[275/500] Curtis (prod_01KYZ0NR0Z6JJTZZB8YQQGKN4K): migrated 2 image(s)
[276/500] The Bends (prod_01KYZ0P9PG7CFPTB38G5ZSRF90): migrated 4 image(s)
[277/500] The Diary of Alicia Keys (prod_01KYZ0PH99PMGFGA8ASSM6FH8R): migrated 2 image(s)
[278/500] Houses of the Holy (prod_01KYZ0PRWM97WST2QZHSM0TGQM): migrated 2 image(s)
[279/500] MTV Unplugged in New York (prod_01KYZ0QCWMVD4YFGN4F8K4CGVP): migrated 4 image(s)
[280/500] Get Rich or Die Tryin’ (prod_01KYZ0QR79EMW8PBBJEZMD9XMM): migrated 4 image(s)
[281/500] Nilsson Schmilsson (prod_01KYZ0RSCJZPG1K120G4DW6PQV): migrated 4 image(s)
[282/500] In the Wee Small Hours (prod_01KYZ0S54PMB364ZTWX8Y3FP7A): migrated 4 image(s)
[283/500] Bad Girls (prod_01KYZ0SDD35X6X2B4J4FB7J0SB): migrated 2 image(s)
[284/500] Down Every Road: 1962–1994 (prod_01KYZ0SS9GYX9T08S148RJJJVW): migrated 4 image(s)
[285/500] Third / Sister Lovers (prod_01KYZ0T7EM3M2W73P119D511NQ): migrated 4 image(s)
[286/500] Californication (prod_01KYZ0THTM2T65KG8DAKX8FJ2D): migrated 4 image(s)
[287/500] Mr. Tambourine Man (prod_01KYZ0TVM62A74NCED2M0771EB): migrated 4 image(s)
[288/500] The Modern Lovers (prod_01KYZ0V28PP3H8QCNE7A1YQRCW): migrated 2 image(s)
[289/500] Post (prod_01KYZ0VTTMSV0KS1BRT68ENKYF): migrated 4 image(s)
[290/500] Speakerboxxx / The Love Below (prod_01KYZ0W5G72RJJPC3ESC7TFQ9H): migrated 4 image(s)
[291/500] The Writing’s on the Wall (prod_01KYZ0WGT3BRB5REKG2YCG3C6M): migrated 4 image(s)
[292/500] Van Halen (prod_01KYZ0WSBPXZD9E5GYJCRV8R1K): migrated 2 image(s)
[293/500] Last Splash (prod_01KYZ0X6420MA4MA20GG1Q1CEN): migrated 4 image(s)
[294/500] Weezer (prod_01KYZ0XME7F2A69H6BGP64BAS6): migrated 4 image(s)
[295/500] Random Access Memories (prod_01KYZ0Y8X5DTP53WV464N0YN4M): migrated 2 image(s)
[296/500] Rust Never Sleeps (prod_01KYZ0YFVGD3QH2S5RVACHCJ64): migrated 2 image(s)
[297/500] So (prod_01KYZ0ZD0T4W70WGDFQEZF6536): migrated 4 image(s)
[298/500] Full Moon Fever (prod_01KYZ0ZWZF3YBSCFH2BCHWEGJZ): migrated 4 image(s)
[299/500] Live at the Regal (prod_01KYZ1095QWR7X80YGWKKPFH1D): migrated 4 image(s)
[300/500] Come On Over (prod_01KYZ10N7WMJNJ4FTS5XGJX9J1): migrated 4 image(s)
[301/500] New York Dolls (prod_01KYZ10Y137NVVVBDDMS686WH8): migrated 2 image(s)
[302/500] Tonight’s the Night (prod_01KYZ115NS490SDW7AYWSE8JPC): migrated 2 image(s)
[303/500] The Definitive Collection (prod_01KYZ11JVTYSA73S0T0SN1D0A3): migrated 4 image(s)
[304/500] Just As I Am (prod_01KYZ120NFVD6VRW3NAN9K7R1B): migrated 4 image(s)
[305/500] Alive! (prod_01KYZ12ABR8P4Z4QH8WJ42WABA): migrated 4 image(s)
[306/500] I’m Still in Love With You (prod_01KYZ12KEKDRKMX2AVANW1BPRK): migrated 2 image(s)
[307/500] Portrait of a Legend 1951–1964 (prod_01KYZ130B9QWAANBQNAHW0FY2H): migrated 4 image(s)
[308/500] Here Come the Warm Jets (prod_01KYZ1397DNWDX3G2AP9EB7YZZ): migrated 2 image(s)
[309/500] Closer (prod_01KYZ13KN6V2HZCCRE223AC581): migrated 4 image(s)
[310/500] Pink Flag (prod_01KYZ143NP1D4JA9RVRC46J3S2): migrated 2 image(s)
[311/500] On the Beach (prod_01KYZ149ZJ93W16S7QT7TQTPC2): migrated 2 image(s)
[312/500] A Seat at the Table (prod_01KYZ14NJCBRA80751N8E1MX9K): migrated 2 image(s)
[313/500] Stories From the City, Stories From the Sea (prod_01KYZ159AJD4G1069A42ZXGSHF): migrated 4 image(s)
[314/500] One in a Million (prod_01KYZ15QH8QEMG47W0WGW50NZH): migrated 4 image(s)
[315/500] EL MAL QUERER (prod_01KYZ166PFT772D013Y9QZZAR6): migrated 4 image(s)
[316/500] The Who Sell Out (prod_01KYZ171MZAVEBW4WQ3KX71RED): migrated 4 image(s)
[317/500] Lady in Satin (prod_01KYZ17B3CNJGTTVH0KBXAEQWN): migrated 2 image(s)
[318/500] The Velvet Rope (prod_01KYZ17JXJ1SDYD3MNRKM48QZK): migrated 2 image(s)
[319/500] The Stone Roses (prod_01KYZ17WK4VC8BZGJ8NDYHYG11): migrated 2 image(s)
[320/500] Los Angeles (prod_01KYZ18GF2RFQH8AKT5KABFRZ4): migrated 2 image(s)
[321/500] NFR! (prod_01KYZ19A19MAKB5DCAJ68JM0T4): migrated 4 image(s)
[322/500] From Elvis in Memphis (prod_01KYZ19SRSQRVEKYKNKYQ9SM0J): migrated 4 image(s)
[323/500] Sandinista! (prod_01KYZ1AGF4X8K23GAVWSV7H3ZS): migrated 2 image(s)
[324/500] A Rush of Blood to the Head (prod_01KYZ1AWXC0QGEPB9Q7AQEKVQ8): migrated 4 image(s)
[325/500] All Killer No Filler! The Jerry Lee Lewis Anthology (prod_01KYZ1B71Z2GHBPZ25TG903SX1): migrated 2 image(s)
[326/500] Dirty Mind (prod_01KYZ1BM0CEAQWC1NWC9WQ4F4E): migrated 2 image(s)
[327/500] Live at Leeds (prod_01KYZ1C14CEJ1ENMYPD40MFD0A): migrated 4 image(s)
[328/500] Modern Vampires of the City (prod_01KYZ1CBS9Y791VERDGGWDAMVF): migrated 2 image(s)
[329/500] Endtroducing..... (prod_01KYZ1CQG9XCC9KC3BZZWBS83J): migrated 4 image(s)
[330/500] Aftermath (prod_01KYZ1DZKSFKNRAEX09JM22J22): migrated 2 image(s)
[331/500] Like a Prayer (prod_01KYZ1EAQARXV50VTNC41WTMTM): migrated 2 image(s)
[332/500] Elvis Presley (prod_01KYZ1ERB8VJEHGSXPNEJ2P310): migrated 4 image(s)
[333/500] Still Bill (prod_01KYZ1F2K2X5P050NCHETW27A3): migrated 4 image(s)
[334/500] Abraxas (prod_01KYZ1F91NTVV56KJVVYVFQG82): migrated 2 image(s)
[335/500] The Basement Tapes (prod_01KYZ1FV6PE2C8SG6M0SWGSRM7): migrated 4 image(s)
[336/500] Avalon (prod_01KYZ1G2PXXMJPXHC8KWGJ2GV1): migrated 2 image(s)
[337/500] John Wesley Harding (prod_01KYZ1GA0CEGFR7J5WDAE9KJFY): migrated 2 image(s)
[338/500] Another Green World (prod_01KYZ1GSR94F9F3B46X2RFF929): migrated 4 image(s)
[339/500] Rhythm Nation 1814 (prod_01KYZ1H54B4X06CT49AMYNXD42): migrated 4 image(s)
[340/500] Doggystyle (prod_01KYZ1HBAJ0QVZNQG9Q900BVSB): migrated 2 image(s)
[341/500] Siamese Dream (prod_01KYZ1HR3XGN074DFNWWS0JY1D): migrated 2 image(s)
[342/500] Let It Be (prod_01KYZ1JDJHHE7HWT9JSGBXTZHW): migrated 2 image(s)
[343/500] Greatest Hits (prod_01KYZ1K632VNYAHKKP4C2PNZ21): migrated 4 image(s)
[344/500] Funky Kingston (prod_01KYZ1KGXD9KQGAKSWRETA29B8): migrated 2 image(s)
[345/500] The Wild, the Innocent & The E Street Shuffle (prod_01KYZ1M8QRE2KAVMR6PQ6AH6NS): migrated 4 image(s)
[346/500] AM (prod_01KYZ1MM8MXYMACKDESSPDEWW8): migrated 4 image(s)
[347/500] Liquid Swords (prod_01KYZ1MWC1WFK636YGVDXEBXR5): migrated 2 image(s)
[348/500] Time (The Revelator) (prod_01KYZ1N6CYF2SBYXYQ7YZX3MVG): migrated 2 image(s)
[349/500] Kick Out the Jams (prod_01KYZ1NHF9QD0YKGRJEET8SQB6): migrated 2 image(s)
[350/500] Music of My Mind (prod_01KYZ1P69AMA1WMA1SHNFX4R9Y): migrated 4 image(s)
[351/500] SOS (prod_01KYZ1PDAMW8E39207Y14DF81M): migrated 2 image(s)
[352/500] The Slim Shady LP (prod_01KYZ1Q380KQHBMBG1XDW4SC04): migrated 4 image(s)
[353/500] The Cars (prod_01KYZ1QD9CM2RAXEKW0T6CSZMK): migrated 2 image(s)
[354/500] Germfree Adolescents (prod_01KYZ1QS14ENEDTZR2T53S8KCJ): migrated 2 image(s)
[355/500] Black Sabbath (prod_01KYZ1RCJRGJX71BKZS3F05DFQ): migrated 4 image(s)
[356/500] Gris-Gris (prod_01KYZ1RZ80EGD89SPKZ9HWWTWD): migrated 4 image(s)
[357/500] Rain Dogs (prod_01KYZ1S657PCYTWGQM1MQ2Z1BY): migrated 2 image(s)
[358/500] SOUR (prod_01KYZ1SH7XS3Q5WW1B38WH4FYT): migrated 4 image(s)
[359/500] Radio City (remastered) (prod_01KYZ1T3D4WEYNJEVNQ2Y7Z6Q3): migrated 2 image(s)
[360/500] One Nation Under a Groove (prod_01KYZ1T9JBXHY22G4AVABE4Q8N): migrated 2 image(s)
[361/500] The Black Parade (prod_01KYZ1TV3Q6FH2AS3RM9EES0SB): migrated 4 image(s)
[362/500] Never Too Much (prod_01KYZ1V5CRS0G5KGZM4F3WX8VY): migrated 4 image(s)
[363/500] Mothership Connection (prod_01KYZ1VDF781T1FEPVP3D3A6Z0): migrated 2 image(s)
[364/500] More Songs About Buildings and Food (prod_01KYZ1VMXNVRESPW202VWZXQ9Y): migrated 2 image(s)
[365/500] Madvillainy (prod_01KYZ1W4BJRH4YWS1ACR5D467K): migrated 4 image(s)
[366/500] Rocks (prod_01KYZ1WPGTHG6XXEJEPX02YF9Z): migrated 4 image(s)
[367/500] If You’re Reading This It’s Too Late (prod_01KYZ1WY74BVNX4E1WGSTAAHFZ): migrated 2 image(s)
[368/500] All Things Must Pass (prod_01KYZ1XEQA80ZYC4X18ES35XKP): migrated 4 image(s)
[369/500] The Infamous… (prod_01KYZ1XVP5JY268KF6SBNCJWVX): migrated 4 image(s)
[370/500] Tha Carter II (prod_01KYZ1Y3FRZC8M7M18QJ4N3Z6R): migrated 2 image(s)
[371/500] Anthology (prod_01KYZ1YPK4VGZNZ4EY96K4Q1TE): migrated 4 image(s)
[372/500] Cheap Thrills (prod_01KYZ1Z48GW0CB5ZW6GSV9NARJ): migrated 2 image(s)
[373/500] Hot Buttered Soul (prod_01KYZ1ZB4BG21J9RVA43V08HXE): migrated 2 image(s)
[374/500] King of the Delta Blues Singers (prod_01KYZ1ZJ5JP7GVEF5YT0VGH0AF): migrated 2 image(s)
[375/500] Dookie (prod_01KYZ1ZZ3F5F733QRC83E11TXW): migrated 2 image(s)
[376/500] In the Aeroplane Over the Sea (prod_01KYZ20M9Q88AVWRQ9QZBBXD2M): migrated 2 image(s)
[377/500] Fever to Tell (prod_01KYZ20ZX85FWNBATCD1XH0NVT): migrated 2 image(s)
[378/500] Run‐D.M.C. (prod_01KYZ21B4RF91BXSY92ERSWDRT): migrated 4 image(s)
[379/500] Moving Pictures (prod_01KYZ21YM635Q1YN7EWMKN76JH): migrated 4 image(s)
[380/500] Mingus Ah Um (prod_01KYZ22A54BC4JKAPRZGKHNMW4): migrated 2 image(s)
[381/500] (pronounced ’lĕh‐’nérd ’skin‐’nérd) (prod_01KYZ22K1K41TGG7BTC2RC343S): migrated 2 image(s)
[382/500] Currents (prod_01KYZ22RVDRYN95SMAFECB1KY1): migrated 2 image(s)
[383/500] Mezzanine (prod_01KYZ2358K5GZ8A82PD0614YPT): migrated 2 image(s)
[384/500] The Kinks Are the Village Green Preservation Society (prod_01KYZ23JWTBJNSK1D9JY4PAXHZ): migrated 2 image(s)
[385/500] Rocket to Russia (prod_01KYZ242DZZWHXK2T9NR918H8N): migrated 2 image(s)
[386/500] Donuts (prod_01KYZ24A5Y3C8DEH2EK9VSG37F): migrated 2 image(s)
[387/500] In Rainbows (prod_01KYZ24PE57BD76HGHZKQK3N24): migrated 4 image(s)
[388/500] Young, Gifted and Black (prod_01KYZ25039Y2ZT9GPKXN46HV6M): migrated 4 image(s)
[389/500] The Emancipation of Mimi (prod_01KYZ25M06E0S35ER8S2YF50KY): migrated 4 image(s)
[390/500] Surfer Rosa (prod_01KYZ2631QM8K7PYJW07FWWS6X): migrated 2 image(s)
[391/500] Kaleidoscope (prod_01KYZ26GPYZ20HS06JDCQEPCRV): migrated 4 image(s)
[392/500] Proud Mary: The Best of Ike and Tina Turner (prod_01KYZ273CKQF7BZGMB243WJ32R): migrated 4 image(s)
[393/500] 1989 (prod_01KYZ27EHBC24T06A3HHVGFCWP): migrated 4 image(s)
[394/500] Diana (prod_01KYZ27ZE7TNZ9S7E1MKFBZ7CN): migrated 2 image(s)
[395/500] Black Messiah (prod_01KYZ287MX8RNKCS1MH1KN3E24): migrated 2 image(s)
[396/500] Something / Anything? (prod_01KYZ28JCYW2WZ145J9KQXEG2P): migrated 4 image(s)
[397/500] WHEN WE ALL FALL ASLEEP, WHERE DO WE GO? (prod_01KYZ291ZJHD4ZEBXGH7SJ6KMJ): migrated 2 image(s)
[398/500] The Raincoats (prod_01KYZ29MRSN92Z2TSF09CS4D0K): migrated 4 image(s)
[399/500] SMiLE (prod_01KYZ29YNR4QF9AWEEC616F1Q4): migrated 2 image(s)
[400/500] Beauty and the Beat (prod_01KYZ2AG5YHBXAVNVXAKFGYEVB): migrated 4 image(s)
[401/500] Blondie (prod_01KYZ2AX787HMD8V0R83BSTX4E): migrated 4 image(s)
[402/500] Expensive Shit (prod_01KYZ2B9BQ0Y4BRAZ080FT8NY2): migrated 2 image(s)
[403/500] Supreme Clientele (prod_01KYZ2BJW4HEN5N8KFVK0KJ18Z): migrated 2 image(s)
[404/500] Rapture (prod_01KYZ2C1C0X6FB64Z9HC87YJHT): migrated 4 image(s)
[405/500] Nuggets: Original Artyfacts From the First Psychedelic Era, 1965–1968 (prod_01KYZ2CA68PC4SSW3MRZGV8866): migrated 2 image(s)
[406/500] 69 Love Songs (prod_01KYZ2CGP511YG6R5XMY7F1SNX): migrated 2 image(s)
[407/500] Everybody Knows This Is Nowhere (prod_01KYZ2CSB8GNG1TWVYB9S6RA79): migrated 2 image(s)
[408/500] Ace of Spades (prod_01KYZ2D86AXKPRWPM4V9RCNDXG): migrated 2 image(s)
[409/500] Workingman’s Dead (prod_01KYZ2DGJGVAJMXKEMP6T2CYSZ): migrated 2 image(s)
[410/500] Wild Honey (prod_01KYZ2DTYWNHK35FX7J2ZAGD3M): migrated 4 image(s)
[411/500] “Love and Theft” (prod_01KYZ2E65RY0X966T8CECWGAFR): migrated 4 image(s)
[412/500] Going to a Go‐Go (prod_01KYZ2EGXT66DXSQVSFXCV2HSE): migrated 4 image(s)
[413/500] Cosmo’s Factory (prod_01KYZ2F3C42C77P2GANZBK359A): migrated 4 image(s)
[414/500] Risqué (prod_01KYZ2FFZBFQ7NZ1DKP0V6MBV6): migrated 4 image(s)
[415/500] Look‐Ka Py Py (prod_01KYZ2FQSM9XAA5N21SVEZEK8H): migrated 2 image(s)
[416/500] Things Fall Apart (prod_01KYZ2G2YM877QQH2EX4CYSGZ5): migrated 4 image(s)
[417/500] The Shape of Jazz to Come (prod_01KYZ2GD75S4W3TVV9A304DZBA): migrated 4 image(s)
[418/500] Brothers in Arms (prod_01KYZ2GVQZF66CQFFXPB1HYTDC): migrated 2 image(s)
[419/500] Chief (prod_01KYZ2H2P8K7QAYMCNKHGSDE1R): migrated 2 image(s)
[420/500] That’s the Way of the World (prod_01KYZ2HJTW0F9ZQDDGQHC9N853): migrated 4 image(s)
[421/500] Arular (prod_01KYZ2J3H4T23W4P41ZDM306CX): migrated 4 image(s)
[422/500] Let’s Get It On (prod_01KYZ2JBW4FK61B32CHAXXAW0Y): migrated 2 image(s)
[423/500] I Can Hear the Heart Beating as One (prod_01KYZ2JXGPSA2X0JE6HRFS2M6A): migrated 4 image(s)
[424/500] Odelay (prod_01KYZ2K61JQE5S2G9MFM6G4Y8E): migrated 2 image(s)
[425/500] Paul Simon (prod_01KYZ2KTW46KR83VDKZ9ZE42X1): migrated 4 image(s)
[426/500] Lucinda Williams (prod_01KYZ2M4W5R0KWSG274JZG95J6): migrated 4 image(s)
[427/500] Call Me (prod_01KYZ2MMV2YF741MVZ2A1K2CZX): migrated 2 image(s)
[428/500] New Day Rising (prod_01KYZ2N2PD4NQNYMWZ4KF92BD4): migrated 4 image(s)
[429/500] Reach Out (prod_01KYZ2NJP8NMFE8PQEGBYVX2DD): migrated 2 image(s)
[430/500] Un verano sin ti (prod_01KYZ2NTNDT7RHZMFF80DMHJ6Q): migrated 2 image(s)
[431/500] How Will the Wolf Survive? (prod_01KYZ2P1ECQAJ9SBE29R4GTVNQ): migrated 2 image(s)
[432/500] Confessions (prod_01KYZ2PK645ASY28JTV40D8Y4K): migrated 4 image(s)
[433/500] Sound of Silver (prod_01KYZ2PYEPJAFKVA706F146ZHW): migrated 4 image(s)
[434/500] Crooked Rain, Crooked Rain (prod_01KYZ2Q8TDY8VTFXT5RDVMKB1V): migrated 4 image(s)
[435/500] Actually (prod_01KYZ2QNZK6J9K7AJJ8TSZMKJ1): migrated 4 image(s)
[436/500] All Eyez On Me (prod_01KYZ2RJ812P78JTTP8WXCX39T): migrated 4 image(s)
[437/500] Demon Days (prod_01KYZ2RRHF8PPW4XP3Y535X1Z4): migrated 2 image(s)
[438/500] Parklife (prod_01KYZ2S8983EQTQYMJHQFRSX86): migrated 4 image(s)
[439/500] Sex Machine (prod_01KYZ2SMSQXWC7RD5GTWFGNRHM): migrated 4 image(s)
[440/500] Coal Miner's Daughter (prod_01KYZ2T09Q1YYHQS595BZCV1S9): migrated 2 image(s)
[441/500] Blackout (prod_01KYZ2TCM2R7HA5DT34DEAPJYW): migrated 4 image(s)
[442/500] Beauty Behind the Madness (prod_01KYZ2TM89YY9E96W8BTT1EHG4): migrated 2 image(s)
[443/500] Scary Monsters (prod_01KYZ2V1PDRCN2TY35FFH58YKC): migrated 2 image(s)
[444/500] Extraordinary Machine (prod_01KYZ2V8PFXNMFZ80B477MPVDE): migrated 2 image(s)
[445/500] Close to the Edge (prod_01KYZ2VKV3TFF38KTHRA0FVYT6): migrated 2 image(s)
[446/500] Journey in Satchidananda (prod_01KYZ2VWT9C9ESZ523GZ7KE87M): migrated 2 image(s)
[447/500] X 100PRE (prod_01KYZ2W42SH84JW6222BP9ZS2V): migrated 2 image(s)
[448/500] Complete & Unbelievable: The Otis Redding Dictionary of Soul (prod_01KYZ2WRH9P4PRTQ19TDDAQ5YK): migrated 2 image(s)
[449/500] Elephant (prod_01KYZ2X2MMVE8DWSAY064B0C11): migrated 4 image(s)
[450/500] RAM (prod_01KYZ2XYP208QPEGYH6CNT1FTH): migrated 2 image(s)
[451/500] First Take (prod_01KYZ2YDQND52H4BNHH1VJJ299): migrated 4 image(s)
[452/500] The ’70s Anthology (prod_01KYZ2YXCBWA5WNZYZZK30X80Z): migrated 2 image(s)
[453/500] Pretty Hate Machine (prod_01KYZ2ZCZE9JVBTCVCJMVVEM4G): migrated 4 image(s)
[454/500] Ege Bamyası (prod_01KYZ2ZPG6F993H6XSJAZSMZ6G): migrated 2 image(s)
[455/500] Bo Diddley / Go Bo Diddley (prod_01KYZ3017T4BJAHFSA6GP1NSRA): migrated 4 image(s)
[456/500] Greatest Hits (prod_01KYZ309AZWD4QNTX2P6S9JTM3): migrated 2 image(s)
[457/500] I Do Not Want What I Haven’t Got (prod_01KYZ30HSP40M5PM3K2403J4QP): migrated 2 image(s)
[458/500] Southeastern (prod_01KYZ30R2ZJAXGWAAPT0GRXFSV): migrated 2 image(s)
[459/500] Man on the Moon: The End of Day (prod_01KYZ31BZJXWH5FZQATBMBXEY7): migrated 2 image(s)
[460/500] Melodrama (prod_01KYZ31PJN9X9W1EYKVGS0EHR3): migrated 4 image(s)
[461/500] For Emma, Forever Ago (prod_01KYZ31ZWZET1G0CED83CP9VBN): migrated 2 image(s)
[462/500] The Gilded Palace of Sin (prod_01KYZ3261J9KGHXDXNJ03VQW7R): migrated 2 image(s)
[463/500] Eli and the Thirteenth Confession (prod_01KYZ32NKTZRW6JKXD0KCSMP2C): migrated 4 image(s)
[464/500] 3+3 (prod_01KYZ33DCD3EVNN0EXW162BAVC): migrated 2 image(s)
[465/500] The Best of the Classic Years (prod_01KYZ33MC1KXFMAVPJV4M3QG9Q): migrated 2 image(s)
[466/500] Red (prod_01KYZ341AA5CXC6HR8KD2BJDDR): migrated 4 image(s)
[467/500] BLACKsummers’night (prod_01KYZ348BJBYSFY95D1JRF7WZX): migrated 2 image(s)
[468/500] Some Girls (prod_01KYZ34VN7GPVRDFPHVK8D0KK7): migrated 4 image(s)
[469/500] Clandestino (prod_01KYZ355JHCCH20799KT85QYCK): migrated 2 image(s)
[470/500] 400 Degreez (prod_01KYZ35P2HJ3J6XPPDNKNHXQBW): migrated 4 image(s)
[471/500] Surrealistic Pillow (prod_01KYZ35WZVX5ZZY1VS7Q0GD8GZ): migrated 2 image(s)
[472/500] Ctrl (prod_01KYZ3687V7985YRDHA7D44ZV1): migrated 4 image(s)
[473/500] Barrio fino (prod_01KYZ36XR095Q5ZFT7DXSDEEHK): migrated 4 image(s)
[474/500] #1 Record (prod_01KYZ37HA3TYEN0Z0TCS9K4F6K): migrated 4 image(s)
[475/500] Sheryl Crow (prod_01KYZ37QVSQHWXRWZNX6AZMDVE): migrated 2 image(s)
[476/500] Kimono My House (prod_01KYZ386YAZN6ZDD4YCZB65DYB): migrated 4 image(s)
[477/500] Moanin’ in the Moonlight (prod_01KYZ38NESNE7CB9R2GPXRAPRW): migrated 2 image(s)
[478/500] Something Else by The Kinks (prod_01KYZ391A1YM4QAXRX527R1QTS): migrated 4 image(s)
[479/500] Amor Prohibido (prod_01KYZ399WSYNSDTDD3V6ZJYWFD): migrated 2 image(s)
[480/500] The Weight of These Wings (prod_01KYZ39MSY5501YDQFW0G5CYQE): migrated 4 image(s)
[481/500] If You’re Feeling Sinister (prod_01KYZ3A0AWDBT9N7AG14P7CRNX): migrated 2 image(s)
[482/500] Bizarre Ride II the Pharcyde (prod_01KYZ3A7VF1T4TVBAFTVVT1TVJ): migrated 2 image(s)
[483/500] The Anthology (prod_01KYZ3AKPZPFGHEDTNGGWHF268): migrated 2 image(s)
[484/500] Born This Way (prod_01KYZ3B3XVW9S51WHV2P0CEG8P): migrated 2 image(s)
[485/500] I Want to See the Bright Lights Tonight (prod_01KYZ3BB99MQ7SGMB6FT32CK0C): migrated 2 image(s)
[486/500] Continuum (prod_01KYZ3BHGHKF1NPFHD3E1MSBQM): migrated 2 image(s)
[487/500] Damaged (prod_01KYZ3BY5EDKPSQG00802J946J): migrated 2 image(s)
[488/500] The Stooges (prod_01KYZ3CK2YM2PWR074ACQ9QJMK): migrated 4 image(s)
[489/500] Back to Mono (1958–1969) (prod_01KYZ3CYZCSN1QK8P9K49QXREN): migrated 4 image(s)
[490/500] Heart Like a Wheel (prod_01KYZ3DFPFQTYA7HTDKN7269XQ): migrated 4 image(s)
[491/500] Harry’s House (prod_01KYZ3DX7TN6NMB20ABKY87ED3): migrated 4 image(s)
[492/500] Nick of Time (prod_01KYZ3ED3EX348N415J1PF5GDE): migrated 2 image(s)
[493/500] Here, My Dear (prod_01KYZ3EREZ53FVHH900BFKE2RA): migrated 4 image(s)
[494/500] Presenting the Fabulous Ronettes Featuring Veronica (prod_01KYZ3F92J3NNG6TGXR4HKSBCN): migrated 2 image(s)
[495/500] Boyz II Men (prod_01KYZ3FW12FHF2MJK0BJ5V136W): migrated 2 image(s)
[496/500] ¿Dónde están los ladrones? (prod_01KYZ3G4AG3ZCCXRRE3DD2AZDE): migrated 2 image(s)
[497/500] The Indestructible Beat of Soweto (prod_01KYZ3GGQ93SC34AGVZ045RCMZ): migrated 4 image(s)
[498/500] Suicide (prod_01KYZ3GZCWCRD57TQTE2ZZDA5E): migrated 2 image(s)
[499/500] Ask Rufus (prod_01KYZ3H7S4QMCTAG9638XC9VZ8): migrated 2 image(s)
[500/500] Funeral (prod_01KYZ3HY0K7JEXMEG3TBTY25FE): migrated 4 image(s)

Already migrated: 2
Migrated: 498
Failed:   0

